******************************************************************************
                  TI ARM Linker PC v16.9.6                     
******************************************************************************
>> Linked Fri Dec 03 18:12:31 2021

OUTPUT FILE NAME:   <Lab5_UARTComms.out>
ENTRY POINT SYMBOL: "_c_int00"  address: 000014d1


MEMORY CONFIGURATION

         name            origin    length      used     unused   attr    fill
----------------------  --------  ---------  --------  --------  ----  --------
  MAIN                  00000000   00040000  00001680  0003e980  R  X
  INFO                  00200000   00004000  00000000  00004000  R  X
  SRAM_CODE             01000000   00010000  00000954  0000f6ac  RW X
  SRAM_DATA             20000000   00010000  00000954  0000f6ac  RW  


SEGMENT ALLOCATION MAP

run origin  load origin   length   init length attrs members
----------  ----------- ---------- ----------- ----- -------
00000000    00000000    00001680   00001680    r-x
  00000000    00000000    000000e4   000000e4    r-- .intvecs
  000000e4    000000e4    0000155c   0000155c    r-x .text
  00001640    00001640    00000040   00000040    r-- .cinit
20000000    20000000    00000754   00000000    rw-
  20000000    20000000    00000400   00000000    rw- .sysmem
  20000400    20000400    00000318   00000000    rw- .bss
  20000718    20000718    0000003c   00000000    rw- .data
2000fe00    2000fe00    00000200   00000000    rw-
  2000fe00    2000fe00    00000200   00000000    rw- .stack


SECTION ALLOCATION MAP

 output                                  attributes/
section   page    origin      length       input sections
--------  ----  ----------  ----------   ----------------
.intvecs   0    00000000    000000e4     
                  00000000    000000e4     startup_msp432p401r_ccs.obj (.intvecs:retain)

.binit     0    00000000    00000000     

.text      0    000000e4    0000155c     
                  000000e4    000005ba     EUSCIA0.obj (.text)
                  0000069e    00000002     rtsv7M4_T_le_v4SPD16_eabi.lib : mpu_init.obj (.text)
                  000006a0    0000032c     system_msp432p401r.obj (.text)
                  000009cc    00000210     FIFO0.obj (.text)
                  00000bdc    000001e0     Clock.obj (.text)
                  00000dbc    00000192     Lab5_UARTmain.obj (.text)
                  00000f4e    00000002     rtsv7M4_T_le_v4SPD16_eabi.lib : startup.obj (.text)
                  00000f50    00000104     TA3InputCapture.obj (.text)
                  00001054    000000f4     LaunchPad.obj (.text)
                  00001148    000000f0     BumpInt.obj (.text)
                  00001238    000000a8     TimerA1.obj (.text)
                  000012e0    0000009c     rtsv7M4_T_le_v4SPD16_eabi.lib : memcpy_t2.obj (.text)
                  0000137c    0000007a                                   : memset_t2.obj (.text)
                  000013f6    00000002     --HOLE-- [fill = 0]
                  000013f8    00000070                                   : autoinit.obj (.text)
                  00001468    00000068                                   : copy_decompress_lzss.obj (.text:decompress:lzss)
                  000014d0    00000054                                   : boot.obj (.text)
                  00001524    00000054                                   : exit.obj (.text)
                  00001578    0000004c                                   : cpy_tbl.obj (.text)
                  000015c4    00000024     CortexM.obj (.text)
                  000015e8    00000018     rtsv7M4_T_le_v4SPD16_eabi.lib : args_main.obj (.text)
                  00001600    00000014                                   : _lock.obj (.text)
                  00001614    0000000e                                   : copy_decompress_none.obj (.text:decompress:none)
                  00001622    0000000e     startup_msp432p401r_ccs.obj (.text)
                  00001630    0000000c     rtsv7M4_T_le_v4SPD16_eabi.lib : copy_zero_init.obj (.text:decompress:ZI)
                  0000163c    00000004                                   : pre_init.obj (.text)

.cinit     0    00001640    00000040     
                  00001640    0000001b     (.cinit..data.load) [load image, compression = lzss]
                  0000165b    00000001     --HOLE-- [fill = 0]
                  0000165c    0000000c     (__TI_handler_table)
                  00001668    00000008     (.cinit..bss.load) [load image, compression = zero_init]
                  00001670    00000010     (__TI_cinit_table)

.init_array 
*          0    00000000    00000000     UNINITIALIZED

.sysmem    0    20000000    00000400     UNINITIALIZED
                  20000000    00000008     rtsv7M4_T_le_v4SPD16_eabi.lib : memory.obj (.sysmem)
                  20000008    000003f8     --HOLE--

.bss       0    20000400    00000318     UNINITIALIZED
                  20000400    00000200     (.common:TxHistogram)
                  20000600    00000082     (.common:RxFifo0)
                  20000682    00000082     (.common:TxFifo0)
                  20000704    00000008     (.common:Messagec)
                  2000070c    00000004     (.common:Messageindexc)
                  20000710    00000004     (.common:Port4Task)
                  20000714    00000004     (.common:TimerA1Task)

.data      0    20000718    0000003c     UNINITIALIZED
                  20000718    00000018     Clock.obj (.data)
                  20000730    0000000c     rtsv7M4_T_le_v4SPD16_eabi.lib : exit.obj (.data:$O1$$)
                  2000073c    00000008                                   : _lock.obj (.data:$O1$$)
                  20000744    00000008     TA3InputCapture.obj (.data)
                  2000074c    00000004     rtsv7M4_T_le_v4SPD16_eabi.lib : stkdepth_vars.obj (.data)
                  20000750    00000004     system_msp432p401r.obj (.data)

.stack     0    2000fe00    00000200     UNINITIALIZED
                  2000fe00    00000200     --HOLE--

MODULE SUMMARY

       Module                        code   ro data   rw data
       ------                        ----   -------   -------
    .\
       FIFO0.obj                     528    0         1544   
       EUSCIA0.obj                   1466   0         24     
       system_msp432p401r.obj        812    0         8      
       Clock.obj                     480    0         48     
       Lab5_UARTmain.obj             402    0         0      
       TA3InputCapture.obj           260    0         16     
       BumpInt.obj                   240    0         8      
       LaunchPad.obj                 244    0         0      
       startup_msp432p401r_ccs.obj   14     228       0      
       TimerA1.obj                   168    0         8      
       CortexM.obj                   36     0         0      
    +--+-----------------------------+------+---------+---------+
       Total:                        4650   228       1656   
                                                             
    C:\ti\ccsv7\tools\compiler\ti-cgt-arm_16.9.6.LTS\lib\rtsv7M4_T_le_v4SPD16_eabi.lib
       memcpy_t2.obj                 156    0         0      
       memset_t2.obj                 122    0         0      
       autoinit.obj                  112    0         0      
       exit.obj                      84     0         24     
       copy_decompress_lzss.obj      104    0         0      
       boot.obj                      84     0         0      
       cpy_tbl.obj                   76     0         0      
       _lock.obj                     20     0         16     
       args_main.obj                 24     0         0      
       copy_decompress_none.obj      14     0         0      
       copy_zero_init.obj            12     0         0      
       stkdepth_vars.obj             0      0         8      
       pre_init.obj                  4      0         0      
       mpu_init.obj                  2      0         0      
       startup.obj                   2      0         0      
    +--+-----------------------------+------+---------+---------+
       Total:                        816    0         48     
                                                             
       Heap:                         0      0         2048   
       Stack:                        0      0         1024   
       Linker Generated:             0      63        0      
    +--+-----------------------------+------+---------+---------+
       Grand Total:                  5466   291       4776   


LINKER GENERATED COPY TABLES

__TI_cinit_table @ 00001670 records: 2, size/record: 8, table size: 16
	.data: load addr=00001640, load size=0000001b bytes, run addr=20000718, run size=0000003c bytes, compression=lzss
	.bss: load addr=00001668, load size=00000008 bytes, run addr=20000400, run size=00000318 bytes, compression=zero_init


LINKER GENERATED HANDLER TABLE

__TI_handler_table @ 0000165c records: 3, size/record: 4, table size: 12
	index: 0, handler: __TI_decompress_lzss
	index: 1, handler: __TI_decompress_none
	index: 2, handler: __TI_zero_init


GLOBAL SYMBOLS: SORTED ALPHABETICALLY BY Name 

address   name                           
-------   ----                           
0000162f  ADC14_IRQHandler               
0000162f  AES256_IRQHandler              
00001149  BumpInt_Init                   
000011c3  Bump_Read                      
0000162f  BusFault_Handler               
00001525  C$$EXIT                        
0000162f  COMP_E0_IRQHandler             
0000162f  COMP_E1_IRQHandler             
20000720  CPMwait                        
0000162f  CS_IRQHandler                  
20000744  CaptureTask0                   
20000748  CaptureTask2                   
20000718  ClockFrequency                 
00000d31  Clock_Delay1ms                 
00000d07  Clock_Delay1us                 
00000cf3  Clock_GetFreq                  
00000bdd  Clock_Init48MHz                
2000072c  Crystalstable                  
0000162f  DMA_ERR_IRQHandler             
0000162f  DMA_INT0_IRQHandler            
0000162f  DMA_INT1_IRQHandler            
0000162f  DMA_INT2_IRQHandler            
0000162f  DMA_INT3_IRQHandler            
0000162f  DebugMon_Handler               
0000162f  Default_Handler                
000015c5  DisableInterrupts              
00000177  EUSCIA0_IRQHandler             
00000177  EUSCIA0_IRQHandler             
0000014b  EUSCIA0_InChar                 
00000615  EUSCIA0_InString               
000001cb  EUSCIA0_InUDec                 
000004c9  EUSCIA0_InUHex                 
000000e5  EUSCIA0_Init                   
0000015d  EUSCIA0_OutChar                
000001ad  EUSCIA0_OutString              
0000024f  EUSCIA0_OutUDec                
000003e1  EUSCIA0_OutUDec4               
00000419  EUSCIA0_OutUDec5               
00000455  EUSCIA0_OutUFix1               
0000047d  EUSCIA0_OutUFix2               
00000591  EUSCIA0_OutUHex                
000005f7  EUSCIA0_OutUHex2               
000005d5  EUSCIA0outnibble               
0000162f  EUSCIA1_IRQHandler             
0000162f  EUSCIA2_IRQHandler             
0000162f  EUSCIA3_IRQHandler             
0000162f  EUSCIB0_IRQHandler             
0000162f  EUSCIB1_IRQHandler             
0000162f  EUSCIB2_IRQHandler             
0000162f  EUSCIB3_IRQHandler             
000015cb  EnableInterrupts               
000015db  EndCritical                    
0000162f  FLCTL_IRQHandler               
0000162f  FPU_IRQHandler                 
0000162f  HardFault_Handler              
20000728  IFlags                         
00001055  LaunchPad_Init                 
000010c5  LaunchPad_Input                
000010df  LaunchPad_LED                  
000010fd  LaunchPad_Output               
0000162f  MemManage_Handler              
20000704  Messagec                       
2000070c  Messageindexc                  
0000162f  NMI_Handler                    
0000162f  PCM_IRQHandler                 
0000162f  PORT1_IRQHandler               
0000162f  PORT2_IRQHandler               
0000162f  PORT3_IRQHandler               
000011fb  PORT4_IRQHandler               
000011fb  PORT4_IRQHandler               
0000162f  PORT5_IRQHandler               
0000162f  PORT6_IRQHandler               
0000162f  PSS_IRQHandler                 
0000162f  PendSV_Handler                 
20000710  Port4Task                      
20000724  Postwait                       
2000071c  Prewait                        
00000dbd  RSLK_Reset                     
0000162f  RTC_C_IRQHandler               
00001623  Reset_Handler                  
20000600  RxFifo0                        
00000b47  RxFifo0_Get                    
00000aed  RxFifo0_Init                   
00000af9  RxFifo0_Put                    
00000b85  RxFifo0_Size                   
UNDEFED   SHT$$INIT_ARRAY$$Base          
UNDEFED   SHT$$INIT_ARRAY$$Limit         
0000162f  SVC_Handler                    
000015d1  StartCritical                  
0000162f  SysTick_Handler                
20000750  SystemCoreClock                
000006a1  SystemCoreClockUpdate          
00000915  SystemInit                     
0000162f  T32_INT1_IRQHandler            
0000162f  T32_INT2_IRQHandler            
0000162f  T32_INTC_IRQHandler            
0000162f  TA0_0_IRQHandler               
0000162f  TA0_N_IRQHandler               
000012ab  TA1_0_IRQHandler               
000012ab  TA1_0_IRQHandler               
0000162f  TA1_N_IRQHandler               
0000162f  TA2_0_IRQHandler               
0000162f  TA2_N_IRQHandler               
00000fe3  TA3_0_IRQHandler               
00000fe3  TA3_0_IRQHandler               
00000ffd  TA3_N_IRQHandler               
00000ffd  TA3_N_IRQHandler               
20000714  TimerA1Task                    
00001239  TimerA1_Init                   
00001297  TimerA1_Stop                   
00000f5d  TimerA3Capture_Init            
20000682  TxFifo0                        
00000a59  TxFifo0_Get                    
000009cd  TxFifo0_Init                   
000009ff  TxFifo0_Put                    
00000a97  TxFifo0_Size                   
20000400  TxHistogram                    
0000162f  UsageFault_Handler             
4000480c  WDTCTL_SYM                     
0000162f  WDT_A_IRQHandler               
000015e3  WaitForInterrupt               
20010000  __STACK_END                    
00000200  __STACK_SIZE                   
00000400  __SYSMEM_SIZE                  
00001670  __TI_CINIT_Base                
00001680  __TI_CINIT_Limit               
0000165c  __TI_Handler_Table_Base        
00001668  __TI_Handler_Table_Limit       
000013f9  __TI_auto_init                 
20000730  __TI_cleanup_ptr               
00001469  __TI_decompress_lzss           
00001615  __TI_decompress_none           
20000734  __TI_dtors_ptr                 
20000738  __TI_enable_exit_profile_output
ffffffff  __TI_pprof_out_hndl            
ffffffff  __TI_prof_data_size            
ffffffff  __TI_prof_data_start           
00000000  __TI_static_base__             
00001631  __TI_zero_init                 
0000137d  __aeabi_memclr                 
0000137d  __aeabi_memclr4                
0000137d  __aeabi_memclr8                
000012e1  __aeabi_memcpy                 
000012e1  __aeabi_memcpy4                
000012e1  __aeabi_memcpy8                
0000137f  __aeabi_memset                 
0000137f  __aeabi_memset4                
0000137f  __aeabi_memset8                
ffffffff  __binit__                      
ffffffff  __c_args__                     
0000069f  __mpu_init                     
2000fe00  __stack                        
000015e9  _args_main                     
000014d1  _c_int00                       
2000073c  _lock                          
0000160f  _nop                           
00001607  _register_lock                 
00001601  _register_unlock               
20000000  _sys_memory                    
00000f4f  _system_post_cinit             
0000163d  _system_pre_init               
20000740  _unlock                        
00001529  abort                          
ffffffff  binit                          
00001579  copy_in                        
00000cf9  delay                          
00001531  exit                           
00000000  interruptVectors               
00000dcd  main                           
2000074c  main_func_sp                   
000012e1  memcpy                         
00001385  memset                         
00000f51  ta3dummy                       


GLOBAL SYMBOLS: SORTED BY Symbol Address 

address   name                           
-------   ----                           
00000000  __TI_static_base__             
00000000  interruptVectors               
000000e5  EUSCIA0_Init                   
0000014b  EUSCIA0_InChar                 
0000015d  EUSCIA0_OutChar                
00000177  EUSCIA0_IRQHandler             
00000177  EUSCIA0_IRQHandler             
000001ad  EUSCIA0_OutString              
000001cb  EUSCIA0_InUDec                 
00000200  __STACK_SIZE                   
0000024f  EUSCIA0_OutUDec                
000003e1  EUSCIA0_OutUDec4               
00000400  __SYSMEM_SIZE                  
00000419  EUSCIA0_OutUDec5               
00000455  EUSCIA0_OutUFix1               
0000047d  EUSCIA0_OutUFix2               
000004c9  EUSCIA0_InUHex                 
00000591  EUSCIA0_OutUHex                
000005d5  EUSCIA0outnibble               
000005f7  EUSCIA0_OutUHex2               
00000615  EUSCIA0_InString               
0000069f  __mpu_init                     
000006a1  SystemCoreClockUpdate          
00000915  SystemInit                     
000009cd  TxFifo0_Init                   
000009ff  TxFifo0_Put                    
00000a59  TxFifo0_Get                    
00000a97  TxFifo0_Size                   
00000aed  RxFifo0_Init                   
00000af9  RxFifo0_Put                    
00000b47  RxFifo0_Get                    
00000b85  RxFifo0_Size                   
00000bdd  Clock_Init48MHz                
00000cf3  Clock_GetFreq                  
00000cf9  delay                          
00000d07  Clock_Delay1us                 
00000d31  Clock_Delay1ms                 
00000dbd  RSLK_Reset                     
00000dcd  main                           
00000f4f  _system_post_cinit             
00000f51  ta3dummy                       
00000f5d  TimerA3Capture_Init            
00000fe3  TA3_0_IRQHandler               
00000fe3  TA3_0_IRQHandler               
00000ffd  TA3_N_IRQHandler               
00000ffd  TA3_N_IRQHandler               
00001055  LaunchPad_Init                 
000010c5  LaunchPad_Input                
000010df  LaunchPad_LED                  
000010fd  LaunchPad_Output               
00001149  BumpInt_Init                   
000011c3  Bump_Read                      
000011fb  PORT4_IRQHandler               
000011fb  PORT4_IRQHandler               
00001239  TimerA1_Init                   
00001297  TimerA1_Stop                   
000012ab  TA1_0_IRQHandler               
000012ab  TA1_0_IRQHandler               
000012e1  __aeabi_memcpy                 
000012e1  __aeabi_memcpy4                
000012e1  __aeabi_memcpy8                
000012e1  memcpy                         
0000137d  __aeabi_memclr                 
0000137d  __aeabi_memclr4                
0000137d  __aeabi_memclr8                
0000137f  __aeabi_memset                 
0000137f  __aeabi_memset4                
0000137f  __aeabi_memset8                
00001385  memset                         
000013f9  __TI_auto_init                 
00001469  __TI_decompress_lzss           
000014d1  _c_int00                       
00001525  C$$EXIT                        
00001529  abort                          
00001531  exit                           
00001579  copy_in                        
000015c5  DisableInterrupts              
000015cb  EnableInterrupts               
000015d1  StartCritical                  
000015db  EndCritical                    
000015e3  WaitForInterrupt               
000015e9  _args_main                     
00001601  _register_unlock               
00001607  _register_lock                 
0000160f  _nop                           
00001615  __TI_decompress_none           
00001623  Reset_Handler                  
0000162f  ADC14_IRQHandler               
0000162f  AES256_IRQHandler              
0000162f  BusFault_Handler               
0000162f  COMP_E0_IRQHandler             
0000162f  COMP_E1_IRQHandler             
0000162f  CS_IRQHandler                  
0000162f  DMA_ERR_IRQHandler             
0000162f  DMA_INT0_IRQHandler            
0000162f  DMA_INT1_IRQHandler            
0000162f  DMA_INT2_IRQHandler            
0000162f  DMA_INT3_IRQHandler            
0000162f  DebugMon_Handler               
0000162f  Default_Handler                
0000162f  EUSCIA1_IRQHandler             
0000162f  EUSCIA2_IRQHandler             
0000162f  EUSCIA3_IRQHandler             
0000162f  EUSCIB0_IRQHandler             
0000162f  EUSCIB1_IRQHandler             
0000162f  EUSCIB2_IRQHandler             
0000162f  EUSCIB3_IRQHandler             
0000162f  FLCTL_IRQHandler               
0000162f  FPU_IRQHandler                 
0000162f  HardFault_Handler              
0000162f  MemManage_Handler              
0000162f  NMI_Handler                    
0000162f  PCM_IRQHandler                 
0000162f  PORT1_IRQHandler               
0000162f  PORT2_IRQHandler               
0000162f  PORT3_IRQHandler               
0000162f  PORT5_IRQHandler               
0000162f  PORT6_IRQHandler               
0000162f  PSS_IRQHandler                 
0000162f  PendSV_Handler                 
0000162f  RTC_C_IRQHandler               
0000162f  SVC_Handler                    
0000162f  SysTick_Handler                
0000162f  T32_INT1_IRQHandler            
0000162f  T32_INT2_IRQHandler            
0000162f  T32_INTC_IRQHandler            
0000162f  TA0_0_IRQHandler               
0000162f  TA0_N_IRQHandler               
0000162f  TA1_N_IRQHandler               
0000162f  TA2_0_IRQHandler               
0000162f  TA2_N_IRQHandler               
0000162f  UsageFault_Handler             
0000162f  WDT_A_IRQHandler               
00001631  __TI_zero_init                 
0000163d  _system_pre_init               
0000165c  __TI_Handler_Table_Base        
00001668  __TI_Handler_Table_Limit       
00001670  __TI_CINIT_Base                
00001680  __TI_CINIT_Limit               
20000000  _sys_memory                    
20000400  TxHistogram                    
20000600  RxFifo0                        
20000682  TxFifo0                        
20000704  Messagec                       
2000070c  Messageindexc                  
20000710  Port4Task                      
20000714  TimerA1Task                    
20000718  ClockFrequency                 
2000071c  Prewait                        
20000720  CPMwait                        
20000724  Postwait                       
20000728  IFlags                         
2000072c  Crystalstable                  
20000730  __TI_cleanup_ptr               
20000734  __TI_dtors_ptr                 
20000738  __TI_enable_exit_profile_output
2000073c  _lock                          
20000740  _unlock                        
20000744  CaptureTask0                   
20000748  CaptureTask2                   
2000074c  main_func_sp                   
20000750  SystemCoreClock                
2000fe00  __stack                        
20010000  __STACK_END                    
4000480c  WDTCTL_SYM                     
ffffffff  __TI_pprof_out_hndl            
ffffffff  __TI_prof_data_size            
ffffffff  __TI_prof_data_start           
ffffffff  __binit__                      
ffffffff  __c_args__                     
ffffffff  binit                          
UNDEFED   SHT$$INIT_ARRAY$$Base          
UNDEFED   SHT$$INIT_ARRAY$$Limit         

[173 symbols]
