******************************************************************************
                  TI ARM Linker PC v16.9.6                     
******************************************************************************
>> Linked Wed Nov 02 16:10:10 2022

OUTPUT FILE NAME:   <Lab5_UARTComms.out>
ENTRY POINT SYMBOL: "_c_int00"  address: 000054bd


MEMORY CONFIGURATION

         name            origin    length      used     unused   attr    fill
----------------------  --------  ---------  --------  --------  ----  --------
  MAIN                  00000000   00040000  00005b34  0003a4cc  R  X
  INFO                  00200000   00004000  00000000  00004000  R  X
  SRAM_CODE             01000000   00010000  00003da3  0000c25d  RW X
  SRAM_DATA             20000000   00010000  00003da3  0000c25d  RW  


SEGMENT ALLOCATION MAP

run origin  load origin   length   init length attrs members
----------  ----------- ---------- ----------- ----- -------
00000000    00000000    00005b38   00005b38    r-x
  00000000    00000000    000000e4   000000e4    r-- .intvecs
  000000e4    000000e4    0000587c   0000587c    r-x .text
  00005960    00005960    00000124   00000124    r-- .const
  00005a88    00005a88    000000b0   000000b0    r-- .cinit
20000000    20000000    00003ba8   00000000    rw-
  20000000    20000000    00003553   00000000    rw- .bss
  20003558    20003558    00000400   00000000    rw- .sysmem
  20003958    20003958    00000250   00000000    rw- .data
2000fe00    2000fe00    00000200   00000000    rw-
  2000fe00    2000fe00    00000200   00000000    rw- .stack


SECTION ALLOCATION MAP

 output                                  attributes/
section   page    origin      length       input sections
--------  ----  ----------  ----------   ----------------
.intvecs   0    00000000    000000e4     
                  00000000    000000e4     startup_msp432p401r_ccs.obj (.intvecs:retain)

.binit     0    00000000    00000000     

.text      0    000000e4    0000587c     
                  000000e4    0000113e     rtsv7M4_T_le_v4SPD16_eabi.lib : _printfi.obj (.text)
                  00001222    00000002                                   : mpu_init.obj (.text)
                  00001224    00000bc4     Lab5_UARTmain.obj (.text)
                  00001de8    000006bc     UART0.obj (.text)
                  000024a4    000005ba     EUSCIA0.obj (.text)
                  00002a5e    00000002     rtsv7M4_T_le_v4SPD16_eabi.lib : startup.obj (.text)
                  00002a60    000003d0                                   : memory.obj (.text)
                  00002e30    0000032c     system_msp432p401r.obj (.text)
                  0000315c    00000248     LPF.obj (.text)
                  000033a4    00000210     FIFO0.obj (.text)
                  000035b4    000001f4     Reflectance.obj (.text)
                  000037a8    000001f4     rtsv7M4_T_le_v4SPD16_eabi.lib : ull_div_t2.obj (.text)
                  0000399c    000001e0     Clock.obj (.text)
                  00003b7c    000001c4     rtsv7M4_T_le_v4SPD16_eabi.lib : fopen.obj (.text)
                  00003d40    000001b6                                   : fd_add_t2.obj (.text)
                  00003ef6    00000002     --HOLE-- [fill = 0]
                  00003ef8    000001b0     Motor.obj (.text)
                  000040a8    00000164     ADC14.obj (.text)
                  0000420c    00000136     rtsv7M4_T_le_v4SPD16_eabi.lib : fd_div_t2.obj (.text)
                  00004342    00000002     --HOLE-- [fill = 0]
                  00004344    00000104     TA3InputCapture.obj (.text)
                  00004448    000000fc     rtsv7M4_T_le_v4SPD16_eabi.lib : fd_mul_t2.obj (.text)
                  00004544    000000fc                                   : s_scalbn.obj (.text)
                  00004640    000000f4     LaunchPad.obj (.text)
                  00004734    000000f0     BumpInt.obj (.text)
                  00004824    000000ec     PWM.obj (.text)
                  00004910    000000dc     rtsv7M4_T_le_v4SPD16_eabi.lib : setvbuf.obj (.text)
                  000049ec    000000c8                                   : fflush.obj (.text)
                  00004ab4    000000bc                                   : open.obj (.text)
                  00004b70    000000b8                                   : add_device.obj (.text)
                  00004c28    000000a8     TimerA1.obj (.text)
                  00004cd0    0000009c     rtsv7M4_T_le_v4SPD16_eabi.lib : memcpy_t2.obj (.text)
                  00004d6c    00000098                                   : fclose.obj (.text)
                  00004e04    00000086                                   : fd_cmp_t2.obj (.text:__aeabi_cdcmple)
                  00004e8a    00000086                                   : fd_cmp_t2.obj (.text:__aeabi_cdrcmple)
                  00004f10    00000080     IRDistance.obj (.text)
                  00004f90    0000007a     rtsv7M4_T_le_v4SPD16_eabi.lib : memset_t2.obj (.text)
                  0000500a    00000002     --HOLE-- [fill = 0]
                  0000500c    00000070                                   : autoinit.obj (.text)
                  0000507c    00000070                                   : getdevice.obj (.text)
                  000050ec    00000068                                   : copy_decompress_lzss.obj (.text:decompress:lzss)
                  00005154    00000068                                   : hostlseek.obj (.text)
                  000051bc    00000068                                   : hostrename.obj (.text)
                  00005224    00000068                                   : trgmsg.obj (.text)
                  0000528c    00000064                                   : s_frexp.obj (.text)
                  000052f0    00000060                                   : hostopen.obj (.text)
                  00005350    00000060                                   : sprintf.obj (.text)
                  000053b0    0000005c                                   : close.obj (.text)
                  0000540c    00000058                                   : hostread.obj (.text)
                  00005464    00000058                                   : hostwrite.obj (.text)
                  000054bc    00000054                                   : boot.obj (.text)
                  00005510    00000054                                   : exit.obj (.text)
                  00005564    00000054                                   : ltoa.obj (.text)
                  000055b8    0000004c                                   : atoi.obj (.text)
                  00005604    0000004c                                   : cpy_tbl.obj (.text)
                  00005650    00000048                                   : fd_toi_t2.obj (.text)
                  00005698    00000044                                   : fd_tou_t2.obj (.text)
                  000056dc    00000044                                   : hostclose.obj (.text)
                  00005720    00000044                                   : hostunlink.obj (.text)
                  00005764    00000036                                   : strncpy.obj (.text)
                  0000579a    0000002e                                   : i_tofd_t2.obj (.text)
                  000057c8    0000002c                                   : unlink.obj (.text)
                  000057f4    00000028                                   : write.obj (.text)
                  0000581c    00000024     CortexM.obj (.text)
                  00005840    00000020     rtsv7M4_T_le_v4SPD16_eabi.lib : u_tofd_t2.obj (.text)
                  00005860    0000001e                                   : strcat.obj (.text)
                  0000587e    0000001c                                   : memccpy.obj (.text)
                  0000589a    00000002     --HOLE-- [fill = 0]
                  0000589c    00000018                                   : args_main.obj (.text)
                  000058b4    00000018                                   : strcmp.obj (.text)
                  000058cc    00000016                                   : strchr.obj (.text)
                  000058e2    00000002     --HOLE-- [fill = 0]
                  000058e4    00000014                                   : _lock.obj (.text)
                  000058f8    00000014                                   : s_copysign.obj (.text)
                  0000590c    00000014                                   : strcpy.obj (.text)
                  00005920    00000014                                   : strlen.obj (.text)
                  00005934    0000000e                                   : copy_decompress_none.obj (.text:decompress:none)
                  00005942    0000000e     startup_msp432p401r_ccs.obj (.text)
                  00005950    0000000c     rtsv7M4_T_le_v4SPD16_eabi.lib : copy_zero_init.obj (.text:decompress:ZI)
                  0000595c    00000004                                   : pre_init.obj (.text)

.const     0    00005960    00000124     
                  00005960    00000101     rtsv7M4_T_le_v4SPD16_eabi.lib : ctype.obj (.const:.string:_ctypes_)
                  00005a61    00000003     --HOLE-- [fill = 0]
                  00005a64    00000020     Reflectance.obj (.const:$P$T0$1)

.cinit     0    00005a88    000000b0     
                  00005a88    00000086     (.cinit..data.load) [load image, compression = lzss]
                  00005b0e    00000002     --HOLE-- [fill = 0]
                  00005b10    0000000c     (__TI_handler_table)
                  00005b1c    00000004     --HOLE-- [fill = 0]
                  00005b20    00000008     (.cinit..bss.load) [load image, compression = zero_init]
                  00005b28    00000010     (__TI_cinit_table)

.init_array 
*          0    00000000    00000000     UNINITIALIZED

.bss       0    20000000    00003553     UNINITIALIZED
                  20000000    00001000     (.common:x)
                  20001000    00001000     (.common:x2)
                  20002000    00001000     (.common:x3)
                  20003000    00000200     (.common:TxHistogram)
                  20003200    00000120     rtsv7M4_T_le_v4SPD16_eabi.lib : trgmsg.obj (.bss:_CIOBUF_)
                  20003320    000000a0     (.common:__TI_tmpnams)
                  200033c0    00000082     (.common:RxFifo0)
                  20003442    00000082     (.common:TxFifo0)
                  200034c4    00000020     (.common:bumperBuf)
                  200034e4    0000000c     Lab5_UARTmain.obj (.bss:b$1)
                  200034f0    00000008     (.common:Messageb)
                  200034f8    00000008     (.common:Messagec)
                  20003500    00000008     (.common:parmbuf)
                  20003508    00000004     (.common:ADCflag)
                  2000350c    00000004     (.common:I1)
                  20003510    00000004     (.common:I2)
                  20003514    00000004     (.common:I3)
                  20003518    00000004     (.common:LPFSum)
                  2000351c    00000004     (.common:LPFSum2)
                  20003520    00000004     (.common:LPFSum3)
                  20003524    00000004     (.common:Messageindexb)
                  20003528    00000004     (.common:Messageindexc)
                  2000352c    00000004     (.common:Port4Task)
                  20003530    00000004     (.common:Size)
                  20003534    00000004     (.common:Size2)
                  20003538    00000004     (.common:Size3)
                  2000353c    00000004     (.common:TimerA1Task)
                  20003540    00000004     (.common:nc)
                  20003544    00000004     (.common:nl)
                  20003548    00000004     (.common:nr)
                  2000354c    00000002     (.common:Period0)
                  2000354e    00000002     (.common:Period2)
                  20003550    00000001     (.common:CollisionData)
                  20003551    00000001     (.common:CollisionFlag)
                  20003552    00000001     (.common:bump_data)

.sysmem    0    20003558    00000400     UNINITIALIZED
                  20003558    00000008     rtsv7M4_T_le_v4SPD16_eabi.lib : memory.obj (.sysmem)
                  20003560    000003f8     --HOLE--

.data      0    20003958    00000250     UNINITIALIZED
                  20003958    000000f0     rtsv7M4_T_le_v4SPD16_eabi.lib : defs.obj (.data:_ftable)
                  20003a48    00000078                                   : write.obj (.data:_device)
                  20003ac0    00000050                                   : write.obj (.data:_stream)
                  20003b10    00000030     Lab5_UARTmain.obj (.data)
                  20003b40    00000018     Clock.obj (.data)
                  20003b58    00000010     rtsv7M4_T_le_v4SPD16_eabi.lib : defs.obj (.data)
                  20003b68    0000000c                                   : exit.obj (.data:$O1$$)
                  20003b74    0000000c                                   : memory.obj (.data:$O1$$)
                  20003b80    00000008                                   : _lock.obj (.data:$O1$$)
                  20003b88    00000008     TA3InputCapture.obj (.data)
                  20003b90    00000004     rtsv7M4_T_le_v4SPD16_eabi.lib : add_device.obj (.data)
                  20003b94    00000004                                   : errno.obj (.data)
                  20003b98    00000004                                   : fopen.obj (.data)
                  20003b9c    00000004                                   : open.obj (.data)
                  20003ba0    00000004                                   : stkdepth_vars.obj (.data)
                  20003ba4    00000004     system_msp432p401r.obj (.data)

.stack     0    2000fe00    00000200     UNINITIALIZED
                  2000fe00    00000200     --HOLE--

MODULE SUMMARY

       Module                        code    ro data   rw data
       ------                        ----    -------   -------
    .\
       LPF.obj                       584     0         24648  
       Lab5_UARTmain.obj             3012    0         230    
       FIFO0.obj                     528     0         1544   
       UART0.obj                     1724    0         24     
       EUSCIA0.obj                   1466    0         24     
       system_msp432p401r.obj        812     0         8      
       Reflectance.obj               500     32        0      
       Clock.obj                     480     0         48     
       Motor.obj                     432     0         0      
       ADC14.obj                     356     0         0      
       TA3InputCapture.obj           260     0         16     
       BumpInt.obj                   240     0         8      
       LaunchPad.obj                 244     0         0      
       startup_msp432p401r_ccs.obj   14      228       0      
       PWM.obj                       236     0         0      
       TimerA1.obj                   168     0         8      
       IRDistance.obj                128     0         0      
       CortexM.obj                   36      0         0      
    +--+-----------------------------+-------+---------+---------+
       Total:                        11220   260       26558  
                                                              
    C:\ti\ccsv7\tools\compiler\ti-cgt-arm_16.9.6.LTS\lib\rtsv7M4_T_le_v4SPD16_eabi.lib
       _printfi.obj                  4414    0         0      
       memory.obj                    976     0         24     
       defs.obj                      0       0         832    
       trgmsg.obj                    104     0         576    
       ull_div_t2.obj                500     0         0      
       fopen.obj                     452     0         8      
       write.obj                     40      0         400    
       fd_add_t2.obj                 438     0         0      
       fd_div_t2.obj                 310     0         0      
       fd_cmp_t2.obj                 268     0         0      
       ctype.obj                     0       257       0      
       fd_mul_t2.obj                 252     0         0      
       s_scalbn.obj                  252     0         0      
       setvbuf.obj                   220     0         0      
       fflush.obj                    200     0         0      
       open.obj                      188     0         8      
       add_device.obj                184     0         8      
       memcpy_t2.obj                 156     0         0      
       fclose.obj                    152     0         0      
       memset_t2.obj                 122     0         0      
       autoinit.obj                  112     0         0      
       getdevice.obj                 112     0         0      
       hostopen.obj                  96      0         16     
       exit.obj                      84      0         24     
       copy_decompress_lzss.obj      104     0         0      
       hostlseek.obj                 104     0         0      
       hostrename.obj                104     0         0      
       s_frexp.obj                   100     0         0      
       sprintf.obj                   96      0         0      
       close.obj                     92      0         0      
       hostread.obj                  88      0         0      
       hostwrite.obj                 88      0         0      
       boot.obj                      84      0         0      
       ltoa.obj                      84      0         0      
       atoi.obj                      76      0         0      
       cpy_tbl.obj                   76      0         0      
       fd_toi_t2.obj                 72      0         0      
       fd_tou_t2.obj                 68      0         0      
       hostclose.obj                 68      0         0      
       hostunlink.obj                68      0         0      
       strncpy.obj                   54      0         0      
       i_tofd_t2.obj                 46      0         0      
       unlink.obj                    44      0         0      
       _lock.obj                     20      0         16     
       u_tofd_t2.obj                 32      0         0      
       strcat.obj                    30      0         0      
       memccpy.obj                   28      0         0      
       args_main.obj                 24      0         0      
       strcmp.obj                    24      0         0      
       strchr.obj                    22      0         0      
       s_copysign.obj                20      0         0      
       strcpy.obj                    20      0         0      
       strlen.obj                    20      0         0      
       copy_decompress_none.obj      14      0         0      
       copy_zero_init.obj            12      0         0      
       errno.obj                     0       0         8      
       stkdepth_vars.obj             0       0         8      
       pre_init.obj                  4       0         0      
       mpu_init.obj                  2       0         0      
       startup.obj                   2       0         0      
    +--+-----------------------------+-------+---------+---------+
       Total:                        11422   257       1928   
                                                              
       Heap:                         0       0         2048   
       Stack:                        0       0         1024   
       Linker Generated:             0       170       0      
    +--+-----------------------------+-------+---------+---------+
       Grand Total:                  22642   687       31558  


LINKER GENERATED COPY TABLES

__TI_cinit_table @ 00005b28 records: 2, size/record: 8, table size: 16
	.data: load addr=00005a88, load size=00000086 bytes, run addr=20003958, run size=00000250 bytes, compression=lzss
	.bss: load addr=00005b20, load size=00000008 bytes, run addr=20000000, run size=00003553 bytes, compression=zero_init


LINKER GENERATED HANDLER TABLE

__TI_handler_table @ 00005b10 records: 3, size/record: 4, table size: 12
	index: 0, handler: __TI_decompress_lzss
	index: 1, handler: __TI_decompress_none
	index: 2, handler: __TI_zero_init


GLOBAL SYMBOLS: SORTED ALPHABETICALLY BY Name 

address   name                           
-------   ----                           
000040a9  ADC0_InitSWTriggerCh12         
00004119  ADC0_InitSWTriggerCh17_12_16   
0000594f  ADC14_IRQHandler               
000040f9  ADC_In12                       
00004189  ADC_In17_12_16                 
20003508  ADCflag                        
0000594f  AES256_IRQHandler              
00004735  BumpInt_Init                   
000047af  Bump_Read                      
0000594f  BusFault_Handler               
00005511  C$$EXIT                        
00005253  C$$IO$$                        
0000594f  COMP_E0_IRQHandler             
0000594f  COMP_E1_IRQHandler             
20003b48  CPMwait                        
0000594f  CS_IRQHandler                  
20003b88  CaptureTask0                   
20003b8c  CaptureTask2                   
00004f37  CenterConvert                  
20003b40  ClockFrequency                 
00003af1  Clock_Delay1ms                 
00003ac7  Clock_Delay1us                 
00003ab3  Clock_GetFreq                  
0000399d  Clock_Init48MHz                
20003550  CollisionData                  
20003551  CollisionFlag                  
20003b54  Crystalstable                  
0000594f  DMA_ERR_IRQHandler             
0000594f  DMA_INT0_IRQHandler            
0000594f  DMA_INT1_IRQHandler            
0000594f  DMA_INT2_IRQHandler            
0000594f  DMA_INT3_IRQHandler            
0000594f  DebugMon_Handler               
0000594f  Default_Handler                
0000581d  DisableInterrupts              
20003b2c  Done0                          
20003b34  Done2                          
00002537  EUSCIA0_IRQHandler             
00002537  EUSCIA0_IRQHandler             
0000250b  EUSCIA0_InChar                 
000029d5  EUSCIA0_InString               
0000258b  EUSCIA0_InUDec                 
00002889  EUSCIA0_InUHex                 
000024a5  EUSCIA0_Init                   
0000251d  EUSCIA0_OutChar                
0000256d  EUSCIA0_OutString              
0000260f  EUSCIA0_OutUDec                
000027a1  EUSCIA0_OutUDec4               
000027d9  EUSCIA0_OutUDec5               
00002815  EUSCIA0_OutUFix1               
0000283d  EUSCIA0_OutUFix2               
00002951  EUSCIA0_OutUHex                
000029b7  EUSCIA0_OutUHex2               
00002995  EUSCIA0outnibble               
0000594f  EUSCIA1_IRQHandler             
0000594f  EUSCIA2_IRQHandler             
0000594f  EUSCIA3_IRQHandler             
0000594f  EUSCIB0_IRQHandler             
0000594f  EUSCIB1_IRQHandler             
0000594f  EUSCIB2_IRQHandler             
0000594f  EUSCIB3_IRQHandler             
00005823  EnableInterrupts               
00005833  EndCritical                    
0000594f  FLCTL_IRQHandler               
0000594f  FPU_IRQHandler                 
20003b28  First0                         
20003b30  First2                         
000056dd  HOSTclose                      
00005155  HOSTlseek                      
000052f1  HOSTopen                       
0000540d  HOSTread                       
000051bd  HOSTrename                     
00005721  HOSTunlink                     
00005465  HOSTwrite                      
00001295  HandleCollision                
0000594f  HardFault_Handler              
2000350c  I1                             
20003510  I2                             
20003514  I3                             
20003b50  IFlags                         
20003518  LPFSum                         
2000351c  LPFSum2                        
20003520  LPFSum3                        
000031bb  LPF_Calc                       
0000326d  LPF_Calc2                      
0000331f  LPF_Calc3                      
0000315d  LPF_Init                       
0000320f  LPF_Init2                      
000032c1  LPF_Init3                      
00004641  LaunchPad_Init                 
000046b1  LaunchPad_Input                
000046cb  LaunchPad_LED                  
000046e9  LaunchPad_Output               
00004f11  LeftConvert                    
20003b38  LeftRPM                        
0000594f  MemManage_Handler              
200034f0  Messageb                       
200034f8  Messagec                       
20003524  Messageindexb                  
20003528  Messageindexc                  
00004049  Motor_Backward                 
00003fa5  Motor_Forward                  
00003ef9  Motor_Init                     
0000400f  Motor_Left                     
00003fd5  Motor_Right                    
00003f81  Motor_Stop                     
0000594f  NMI_Handler                    
0000594f  PCM_IRQHandler                 
0000594f  PORT1_IRQHandler               
0000594f  PORT2_IRQHandler               
0000594f  PORT3_IRQHandler               
000047e7  PORT4_IRQHandler               
000047e7  PORT4_IRQHandler               
0000594f  PORT5_IRQHandler               
0000594f  PORT6_IRQHandler               
0000594f  PSS_IRQHandler                 
000048a9  PWM_Duty3                      
000048c9  PWM_Duty4                      
00004825  PWM_Init34                     
0000594f  PendSV_Handler                 
2000354c  Period0                        
2000354e  Period2                        
000012b9  PeriodMeasure0                 
000012e7  PeriodMeasure2                 
2000352c  Port4Task                      
000035c5  Port5_Init                     
00003615  Port7_Init                     
00003637  Port7_InitToInput              
00003629  Port7_Output_ChargeCap         
000035eb  Port9_Init                     
20003b4c  Postwait                       
20003b44  Prewait                        
00001225  RSLK_Reset                     
0000594f  RTC_C_IRQHandler               
0000368d  Reflectance_Center             
00003747  Reflectance_End                
000035b5  Reflectance_Init               
000036ad  Reflectance_Position           
0000363f  Reflectance_Read               
00003721  Reflectance_Start              
00005943  Reset_Handler                  
00004f5d  RightConvert                   
20003b3c  RightRPM                       
200033c0  RxFifo0                        
0000351f  RxFifo0_Get                    
000034c5  RxFifo0_Init                   
000034d1  RxFifo0_Put                    
0000355d  RxFifo0_Size                   
UNDEFED   SHT$$INIT_ARRAY$$Base          
UNDEFED   SHT$$INIT_ARRAY$$Limit         
0000594f  SVC_Handler                    
00001245  SensorRead_ISR                 
20003530  Size                           
20003534  Size2                          
20003538  Size3                          
00005829  StartCritical                  
0000594f  SysTick_Handler                
20003ba4  SystemCoreClock                
00002e31  SystemCoreClockUpdate          
000030a5  SystemInit                     
0000594f  T32_INT1_IRQHandler            
0000594f  T32_INT2_IRQHandler            
0000594f  T32_INTC_IRQHandler            
0000594f  TA0_0_IRQHandler               
0000594f  TA0_N_IRQHandler               
00004c9b  TA1_0_IRQHandler               
00004c9b  TA1_0_IRQHandler               
0000594f  TA1_N_IRQHandler               
0000594f  TA2_0_IRQHandler               
0000594f  TA2_N_IRQHandler               
000043d7  TA3_0_IRQHandler               
000043d7  TA3_0_IRQHandler               
000043f1  TA3_N_IRQHandler               
000043f1  TA3_N_IRQHandler               
00001235  TimedPause                     
2000353c  TimerA1Task                    
00004c29  TimerA1_Init                   
00004c87  TimerA1_Stop                   
00004351  TimerA3Capture_Init            
20003442  TxFifo0                        
00003431  TxFifo0_Get                    
000033a5  TxFifo0_Init                   
000033d7  TxFifo0_Put                    
0000346f  TxFifo0_Size                   
20003000  TxHistogram                    
00001e2f  UART0_InChar                   
000022b9  UART0_InString                 
00001e79  UART0_InUDec                   
0000216d  UART0_InUHex                   
00001de9  UART0_Init                     
00002419  UART0_Initprintf               
00001e3f  UART0_OutChar                  
00001e5b  UART0_OutString                
00001efd  UART0_OutUDec                  
00002069  UART0_OutUDec4                 
000020bd  UART0_OutUDec5                 
000020f9  UART0_OutUFix1                 
00002121  UART0_OutUFix2                 
00002231  UART0_OutUHex                  
0000229d  UART0_OutUHex2                 
0000594f  UsageFault_Handler             
4000480c  WDTCTL_SYM                     
0000594f  WDT_A_IRQHandler               
0000583b  WaitForInterrupt               
20003200  __CIOBUF_                      
20010000  __STACK_END                    
00000200  __STACK_SIZE                   
00000400  __SYSMEM_SIZE                  
00005b28  __TI_CINIT_Base                
00005b38  __TI_CINIT_Limit               
00005b10  __TI_Handler_Table_Base        
00005b1c  __TI_Handler_Table_Limit       
0000500d  __TI_auto_init                 
00003c45  __TI_cleanup                   
20003b68  __TI_cleanup_ptr               
00004d6d  __TI_closefile                 
000050ed  __TI_decompress_lzss           
00005935  __TI_decompress_none           
000049ed  __TI_doflush                   
20003b6c  __TI_dtors_ptr                 
20003b70  __TI_enable_exit_profile_output
20003b58  __TI_ft_end                    
ffffffff  __TI_pprof_out_hndl            
00000929  __TI_printfi                   
ffffffff  __TI_prof_data_size            
ffffffff  __TI_prof_data_start           
00005257  __TI_readmsg                   
00000000  __TI_static_base__             
20003320  __TI_tmpnams                   
00005225  __TI_writemsg                  
00005951  __TI_zero_init                 
00004e05  __aeabi_cdcmpeq                
00004e05  __aeabi_cdcmple                
00004e8b  __aeabi_cdrcmple               
00005651  __aeabi_d2iz                   
00005699  __aeabi_d2uiz                  
00003d4b  __aeabi_dadd                   
0000420d  __aeabi_ddiv                   
00004449  __aeabi_dmul                   
00003d41  __aeabi_dsub                   
0000579b  __aeabi_i2d                    
00004f91  __aeabi_memclr                 
00004f91  __aeabi_memclr4                
00004f91  __aeabi_memclr8                
00004cd1  __aeabi_memcpy                 
00004cd1  __aeabi_memcpy4                
00004cd1  __aeabi_memcpy8                
00004f93  __aeabi_memset                 
00004f93  __aeabi_memset4                
00004f93  __aeabi_memset8                
20003b64  __aeabi_stderr                 
20003b5c  __aeabi_stdin                  
20003b60  __aeabi_stdout                 
00005841  __aeabi_ui2d                   
000037a9  __aeabi_uldivmod               
ffffffff  __binit__                      
ffffffff  __c_args__                     
00001223  __mpu_init                     
2000fe00  __stack                        
0000589d  _args_main                     
000054bd  _c_int00                       
00005960  _ctypes_                       
20003a48  _device                        
20003958  _ftable                        
20003b80  _lock                          
000058f3  _nop                           
000058eb  _register_lock                 
000058e5  _register_unlock               
20003ac0  _stream                        
20003558  _sys_memory                    
00002a5f  _system_post_cinit             
0000595d  _system_pre_init               
20003b84  _unlock                        
00005515  abort                          
00004b71  add_device                     
000055b9  atoi                           
ffffffff  binit                          
20003b10  bump0                          
20003b14  bump1                          
20003b18  bump2                          
20003b1c  bump3                          
20003b20  bump4                          
20003b24  bump5                          
20003552  bump_data                      
200034c4  bumperBuf                      
00001315  byte_to_binary                 
00002e01  calloc                         
000053b1  close                          
00005605  copy_in                        
000058f9  copysign                       
000058f9  copysignl                      
00003ab9  delay                          
20003b94  errno                          
0000551d  exit                           
00004dd3  fclose                         
00002353  ferror                         
00004a39  fflush                         
00002333  fgetc                          
0000507d  finddevice                     
00003c9b  fopen                          
00002b4b  free                           
00003c71  freopen                        
0000528d  frexp                          
0000528d  frexpl                         
000050a7  getdevice                      
00000000  interruptVectors               
00004545  ldexp                          
00004545  ldexpl                         
00005565  ltoa                           
0000138d  main                           
20003ba0  main_func_sp                   
00002ae1  malloc                         
00002d15  memalign                       
0000587f  memccpy                        
00004cd1  memcpy                         
00004f99  memset                         
00002a61  minit                          
20003540  nc                             
20003544  nl                             
20003548  nr                             
00004ab5  open                           
00002275  outnibble                      
20003500  parmbuf                        
00002c0b  realloc                        
000057c9  remove                         
00004545  scalbn                         
00004545  scalbnl                        
00004911  setvbuf                        
00005351  sprintf                        
00005861  strcat                         
000058cd  strchr                         
000058b5  strcmp                         
0000590d  strcpy                         
00005921  strlen                         
00005765  strncpy                        
00004345  ta3dummy                       
00002371  uart_close                     
000023ef  uart_lseek                     
00002361  uart_open                      
00002383  uart_read                      
0000240b  uart_rename                    
000023ff  uart_unlink                    
000023ad  uart_write                     
000057c9  unlink                         
000057f5  write                          
20000000  x                              
20001000  x2                             
20002000  x3                             


GLOBAL SYMBOLS: SORTED BY Symbol Address 

address   name                           
-------   ----                           
00000000  __TI_static_base__             
00000000  interruptVectors               
00000200  __STACK_SIZE                   
00000400  __SYSMEM_SIZE                  
00000929  __TI_printfi                   
00001223  __mpu_init                     
00001225  RSLK_Reset                     
00001235  TimedPause                     
00001245  SensorRead_ISR                 
00001295  HandleCollision                
000012b9  PeriodMeasure0                 
000012e7  PeriodMeasure2                 
00001315  byte_to_binary                 
0000138d  main                           
00001de9  UART0_Init                     
00001e2f  UART0_InChar                   
00001e3f  UART0_OutChar                  
00001e5b  UART0_OutString                
00001e79  UART0_InUDec                   
00001efd  UART0_OutUDec                  
00002069  UART0_OutUDec4                 
000020bd  UART0_OutUDec5                 
000020f9  UART0_OutUFix1                 
00002121  UART0_OutUFix2                 
0000216d  UART0_InUHex                   
00002231  UART0_OutUHex                  
00002275  outnibble                      
0000229d  UART0_OutUHex2                 
000022b9  UART0_InString                 
00002333  fgetc                          
00002353  ferror                         
00002361  uart_open                      
00002371  uart_close                     
00002383  uart_read                      
000023ad  uart_write                     
000023ef  uart_lseek                     
000023ff  uart_unlink                    
0000240b  uart_rename                    
00002419  UART0_Initprintf               
000024a5  EUSCIA0_Init                   
0000250b  EUSCIA0_InChar                 
0000251d  EUSCIA0_OutChar                
00002537  EUSCIA0_IRQHandler             
00002537  EUSCIA0_IRQHandler             
0000256d  EUSCIA0_OutString              
0000258b  EUSCIA0_InUDec                 
0000260f  EUSCIA0_OutUDec                
000027a1  EUSCIA0_OutUDec4               
000027d9  EUSCIA0_OutUDec5               
00002815  EUSCIA0_OutUFix1               
0000283d  EUSCIA0_OutUFix2               
00002889  EUSCIA0_InUHex                 
00002951  EUSCIA0_OutUHex                
00002995  EUSCIA0outnibble               
000029b7  EUSCIA0_OutUHex2               
000029d5  EUSCIA0_InString               
00002a5f  _system_post_cinit             
00002a61  minit                          
00002ae1  malloc                         
00002b4b  free                           
00002c0b  realloc                        
00002d15  memalign                       
00002e01  calloc                         
00002e31  SystemCoreClockUpdate          
000030a5  SystemInit                     
0000315d  LPF_Init                       
000031bb  LPF_Calc                       
0000320f  LPF_Init2                      
0000326d  LPF_Calc2                      
000032c1  LPF_Init3                      
0000331f  LPF_Calc3                      
000033a5  TxFifo0_Init                   
000033d7  TxFifo0_Put                    
00003431  TxFifo0_Get                    
0000346f  TxFifo0_Size                   
000034c5  RxFifo0_Init                   
000034d1  RxFifo0_Put                    
0000351f  RxFifo0_Get                    
0000355d  RxFifo0_Size                   
000035b5  Reflectance_Init               
000035c5  Port5_Init                     
000035eb  Port9_Init                     
00003615  Port7_Init                     
00003629  Port7_Output_ChargeCap         
00003637  Port7_InitToInput              
0000363f  Reflectance_Read               
0000368d  Reflectance_Center             
000036ad  Reflectance_Position           
00003721  Reflectance_Start              
00003747  Reflectance_End                
000037a9  __aeabi_uldivmod               
0000399d  Clock_Init48MHz                
00003ab3  Clock_GetFreq                  
00003ab9  delay                          
00003ac7  Clock_Delay1us                 
00003af1  Clock_Delay1ms                 
00003c45  __TI_cleanup                   
00003c71  freopen                        
00003c9b  fopen                          
00003d41  __aeabi_dsub                   
00003d4b  __aeabi_dadd                   
00003ef9  Motor_Init                     
00003f81  Motor_Stop                     
00003fa5  Motor_Forward                  
00003fd5  Motor_Right                    
0000400f  Motor_Left                     
00004049  Motor_Backward                 
000040a9  ADC0_InitSWTriggerCh12         
000040f9  ADC_In12                       
00004119  ADC0_InitSWTriggerCh17_12_16   
00004189  ADC_In17_12_16                 
0000420d  __aeabi_ddiv                   
00004345  ta3dummy                       
00004351  TimerA3Capture_Init            
000043d7  TA3_0_IRQHandler               
000043d7  TA3_0_IRQHandler               
000043f1  TA3_N_IRQHandler               
000043f1  TA3_N_IRQHandler               
00004449  __aeabi_dmul                   
00004545  ldexp                          
00004545  ldexpl                         
00004545  scalbn                         
00004545  scalbnl                        
00004641  LaunchPad_Init                 
000046b1  LaunchPad_Input                
000046cb  LaunchPad_LED                  
000046e9  LaunchPad_Output               
00004735  BumpInt_Init                   
000047af  Bump_Read                      
000047e7  PORT4_IRQHandler               
000047e7  PORT4_IRQHandler               
00004825  PWM_Init34                     
000048a9  PWM_Duty3                      
000048c9  PWM_Duty4                      
00004911  setvbuf                        
000049ed  __TI_doflush                   
00004a39  fflush                         
00004ab5  open                           
00004b71  add_device                     
00004c29  TimerA1_Init                   
00004c87  TimerA1_Stop                   
00004c9b  TA1_0_IRQHandler               
00004c9b  TA1_0_IRQHandler               
00004cd1  __aeabi_memcpy                 
00004cd1  __aeabi_memcpy4                
00004cd1  __aeabi_memcpy8                
00004cd1  memcpy                         
00004d6d  __TI_closefile                 
00004dd3  fclose                         
00004e05  __aeabi_cdcmpeq                
00004e05  __aeabi_cdcmple                
00004e8b  __aeabi_cdrcmple               
00004f11  LeftConvert                    
00004f37  CenterConvert                  
00004f5d  RightConvert                   
00004f91  __aeabi_memclr                 
00004f91  __aeabi_memclr4                
00004f91  __aeabi_memclr8                
00004f93  __aeabi_memset                 
00004f93  __aeabi_memset4                
00004f93  __aeabi_memset8                
00004f99  memset                         
0000500d  __TI_auto_init                 
0000507d  finddevice                     
000050a7  getdevice                      
000050ed  __TI_decompress_lzss           
00005155  HOSTlseek                      
000051bd  HOSTrename                     
00005225  __TI_writemsg                  
00005253  C$$IO$$                        
00005257  __TI_readmsg                   
0000528d  frexp                          
0000528d  frexpl                         
000052f1  HOSTopen                       
00005351  sprintf                        
000053b1  close                          
0000540d  HOSTread                       
00005465  HOSTwrite                      
000054bd  _c_int00                       
00005511  C$$EXIT                        
00005515  abort                          
0000551d  exit                           
00005565  ltoa                           
000055b9  atoi                           
00005605  copy_in                        
00005651  __aeabi_d2iz                   
00005699  __aeabi_d2uiz                  
000056dd  HOSTclose                      
00005721  HOSTunlink                     
00005765  strncpy                        
0000579b  __aeabi_i2d                    
000057c9  remove                         
000057c9  unlink                         
000057f5  write                          
0000581d  DisableInterrupts              
00005823  EnableInterrupts               
00005829  StartCritical                  
00005833  EndCritical                    
0000583b  WaitForInterrupt               
00005841  __aeabi_ui2d                   
00005861  strcat                         
0000587f  memccpy                        
0000589d  _args_main                     
000058b5  strcmp                         
000058cd  strchr                         
000058e5  _register_unlock               
000058eb  _register_lock                 
000058f3  _nop                           
000058f9  copysign                       
000058f9  copysignl                      
0000590d  strcpy                         
00005921  strlen                         
00005935  __TI_decompress_none           
00005943  Reset_Handler                  
0000594f  ADC14_IRQHandler               
0000594f  AES256_IRQHandler              
0000594f  BusFault_Handler               
0000594f  COMP_E0_IRQHandler             
0000594f  COMP_E1_IRQHandler             
0000594f  CS_IRQHandler                  
0000594f  DMA_ERR_IRQHandler             
0000594f  DMA_INT0_IRQHandler            
0000594f  DMA_INT1_IRQHandler            
0000594f  DMA_INT2_IRQHandler            
0000594f  DMA_INT3_IRQHandler            
0000594f  DebugMon_Handler               
0000594f  Default_Handler                
0000594f  EUSCIA1_IRQHandler             
0000594f  EUSCIA2_IRQHandler             
0000594f  EUSCIA3_IRQHandler             
0000594f  EUSCIB0_IRQHandler             
0000594f  EUSCIB1_IRQHandler             
0000594f  EUSCIB2_IRQHandler             
0000594f  EUSCIB3_IRQHandler             
0000594f  FLCTL_IRQHandler               
0000594f  FPU_IRQHandler                 
0000594f  HardFault_Handler              
0000594f  MemManage_Handler              
0000594f  NMI_Handler                    
0000594f  PCM_IRQHandler                 
0000594f  PORT1_IRQHandler               
0000594f  PORT2_IRQHandler               
0000594f  PORT3_IRQHandler               
0000594f  PORT5_IRQHandler               
0000594f  PORT6_IRQHandler               
0000594f  PSS_IRQHandler                 
0000594f  PendSV_Handler                 
0000594f  RTC_C_IRQHandler               
0000594f  SVC_Handler                    
0000594f  SysTick_Handler                
0000594f  T32_INT1_IRQHandler            
0000594f  T32_INT2_IRQHandler            
0000594f  T32_INTC_IRQHandler            
0000594f  TA0_0_IRQHandler               
0000594f  TA0_N_IRQHandler               
0000594f  TA1_N_IRQHandler               
0000594f  TA2_0_IRQHandler               
0000594f  TA2_N_IRQHandler               
0000594f  UsageFault_Handler             
0000594f  WDT_A_IRQHandler               
00005951  __TI_zero_init                 
0000595d  _system_pre_init               
00005960  _ctypes_                       
00005b10  __TI_Handler_Table_Base        
00005b1c  __TI_Handler_Table_Limit       
00005b28  __TI_CINIT_Base                
00005b38  __TI_CINIT_Limit               
20000000  x                              
20001000  x2                             
20002000  x3                             
20003000  TxHistogram                    
20003200  __CIOBUF_                      
20003320  __TI_tmpnams                   
200033c0  RxFifo0                        
20003442  TxFifo0                        
200034c4  bumperBuf                      
200034f0  Messageb                       
200034f8  Messagec                       
20003500  parmbuf                        
20003508  ADCflag                        
2000350c  I1                             
20003510  I2                             
20003514  I3                             
20003518  LPFSum                         
2000351c  LPFSum2                        
20003520  LPFSum3                        
20003524  Messageindexb                  
20003528  Messageindexc                  
2000352c  Port4Task                      
20003530  Size                           
20003534  Size2                          
20003538  Size3                          
2000353c  TimerA1Task                    
20003540  nc                             
20003544  nl                             
20003548  nr                             
2000354c  Period0                        
2000354e  Period2                        
20003550  CollisionData                  
20003551  CollisionFlag                  
20003552  bump_data                      
20003558  _sys_memory                    
20003958  _ftable                        
20003a48  _device                        
20003ac0  _stream                        
20003b10  bump0                          
20003b14  bump1                          
20003b18  bump2                          
20003b1c  bump3                          
20003b20  bump4                          
20003b24  bump5                          
20003b28  First0                         
20003b2c  Done0                          
20003b30  First2                         
20003b34  Done2                          
20003b38  LeftRPM                        
20003b3c  RightRPM                       
20003b40  ClockFrequency                 
20003b44  Prewait                        
20003b48  CPMwait                        
20003b4c  Postwait                       
20003b50  IFlags                         
20003b54  Crystalstable                  
20003b58  __TI_ft_end                    
20003b5c  __aeabi_stdin                  
20003b60  __aeabi_stdout                 
20003b64  __aeabi_stderr                 
20003b68  __TI_cleanup_ptr               
20003b6c  __TI_dtors_ptr                 
20003b70  __TI_enable_exit_profile_output
20003b80  _lock                          
20003b84  _unlock                        
20003b88  CaptureTask0                   
20003b8c  CaptureTask2                   
20003b94  errno                          
20003ba0  main_func_sp                   
20003ba4  SystemCoreClock                
2000fe00  __stack                        
20010000  __STACK_END                    
4000480c  WDTCTL_SYM                     
ffffffff  __TI_pprof_out_hndl            
ffffffff  __TI_prof_data_size            
ffffffff  __TI_prof_data_start           
ffffffff  __binit__                      
ffffffff  __c_args__                     
ffffffff  binit                          
UNDEFED   SHT$$INIT_ARRAY$$Base          
UNDEFED   SHT$$INIT_ARRAY$$Limit         

[348 symbols]
