******************************************************************************
                  TI ARM Linker PC v16.9.6                     
******************************************************************************
>> Linked Tue Nov 01 13:13:51 2022

OUTPUT FILE NAME:   <Lab4_ADC_IRSensors.out>
ENTRY POINT SYMBOL: "_c_int00"  address: 00002339


MEMORY CONFIGURATION

         name            origin    length      used     unused   attr    fill
----------------------  --------  ---------  --------  --------  ----  --------
  MAIN                  00000000   00040000  00002724  0003d8dc  R  X
  INFO                  00200000   00004000  00000000  00004000  R  X
  SRAM_CODE             01000000   00010000  00003a20  0000c5e0  RW X
  SRAM_DATA             20000000   00010000  00003a20  0000c5e0  RW  


SEGMENT ALLOCATION MAP

run origin  load origin   length   init length attrs members
----------  ----------- ---------- ----------- ----- -------
00000000    00000000    00002728   00002728    r-x
  00000000    00000000    000000e4   000000e4    r-- .intvecs
  000000e4    000000e4    000025a0   000025a0    r-x .text
  00002688    00002688    000000a0   000000a0    r-- .cinit
20000000    20000000    00003824   00000000    rw-
  20000000    20000000    0000320c   00000000    rw- .bss
  20003210    20003210    00000400   00000000    rw- .sysmem
  20003610    20003610    00000214   00000000    rw- .data
2000fe00    2000fe00    00000200   00000000    rw-
  2000fe00    2000fe00    00000200   00000000    rw- .stack


SECTION ALLOCATION MAP

 output                                  attributes/
section   page    origin      length       input sections
--------  ----  ----------  ----------   ----------------
.intvecs   0    00000000    000000e4     
                  00000000    000000e4     startup_msp432p401r_ccs.obj (.intvecs:retain)

.binit     0    00000000    00000000     

.text      0    000000e4    000025a0     
                  000000e4    000006bc     UART0.obj (.text)
                  000007a0    000003d0     rtsv7M4_T_le_v4SPD16_eabi.lib : memory.obj (.text)
                  00000b70    0000032c     system_msp432p401r.obj (.text)
                  00000e9c    00000248     LPF.obj (.text)
                  000010e4    000001e0     Clock.obj (.text)
                  000012c4    000001c4     rtsv7M4_T_le_v4SPD16_eabi.lib : fopen.obj (.text)
                  00001488    00000180     Lab4_ADCmain.obj (.text)
                  00001608    00000164     ADC14.obj (.text)
                  0000176c    000000fc     rtsv7M4_T_le_v4SPD16_eabi.lib : fd_mul_t2.obj (.text)
                  00001868    000000f4     LaunchPad.obj (.text)
                  0000195c    000000dc     rtsv7M4_T_le_v4SPD16_eabi.lib : setvbuf.obj (.text)
                  00001a38    000000c8                                   : fflush.obj (.text)
                  00001b00    000000bc                                   : open.obj (.text)
                  00001bbc    000000b8                                   : add_device.obj (.text)
                  00001c74    000000a8     TimerA1.obj (.text)
                  00001d1c    0000009c     rtsv7M4_T_le_v4SPD16_eabi.lib : memcpy_t2.obj (.text)
                  00001db8    00000098                                   : fclose.obj (.text)
                  00001e50    00000080     IRDistance.obj (.text)
                  00001ed0    0000007a     rtsv7M4_T_le_v4SPD16_eabi.lib : memset_t2.obj (.text)
                  00001f4a    00000002                                   : mpu_init.obj (.text)
                  00001f4c    00000070                                   : autoinit.obj (.text)
                  00001fbc    00000070                                   : getdevice.obj (.text)
                  0000202c    00000068                                   : copy_decompress_lzss.obj (.text:decompress:lzss)
                  00002094    00000068                                   : hostlseek.obj (.text)
                  000020fc    00000068                                   : hostrename.obj (.text)
                  00002164    00000068                                   : trgmsg.obj (.text)
                  000021cc    00000060                                   : hostopen.obj (.text)
                  0000222c    0000005c                                   : close.obj (.text)
                  00002288    00000058                                   : hostread.obj (.text)
                  000022e0    00000058                                   : hostwrite.obj (.text)
                  00002338    00000054                                   : boot.obj (.text)
                  0000238c    00000054                                   : exit.obj (.text)
                  000023e0    0000004c                                   : cpy_tbl.obj (.text)
                  0000242c    00000044                                   : fd_tou_t2.obj (.text)
                  00002470    00000044                                   : hostclose.obj (.text)
                  000024b4    00000044                                   : hostunlink.obj (.text)
                  000024f8    00000036                                   : strncpy.obj (.text)
                  0000252e    0000002e                                   : i_tofd_t2.obj (.text)
                  0000255c    0000002c                                   : unlink.obj (.text)
                  00002588    00000028                                   : write.obj (.text)
                  000025b0    00000024     CortexM.obj (.text)
                  000025d4    00000018     rtsv7M4_T_le_v4SPD16_eabi.lib : args_main.obj (.text)
                  000025ec    00000018                                   : strcmp.obj (.text)
                  00002604    00000016                                   : strchr.obj (.text)
                  0000261a    00000002                                   : startup.obj (.text)
                  0000261c    00000014                                   : _lock.obj (.text)
                  00002630    00000014                                   : strcpy.obj (.text)
                  00002644    00000014                                   : strlen.obj (.text)
                  00002658    0000000e                                   : copy_decompress_none.obj (.text:decompress:none)
                  00002666    0000000e     startup_msp432p401r_ccs.obj (.text)
                  00002674    0000000c     rtsv7M4_T_le_v4SPD16_eabi.lib : copy_zero_init.obj (.text:decompress:ZI)
                  00002680    00000004                                   : pre_init.obj (.text)

.cinit     0    00002688    000000a0     
                  00002688    00000076     (.cinit..data.load) [load image, compression = lzss]
                  000026fe    00000002     --HOLE-- [fill = 0]
                  00002700    0000000c     (__TI_handler_table)
                  0000270c    00000004     --HOLE-- [fill = 0]
                  00002710    00000008     (.cinit..bss.load) [load image, compression = zero_init]
                  00002718    00000010     (__TI_cinit_table)

.init_array 
*          0    00000000    00000000     UNINITIALIZED

.bss       0    20000000    0000320c     UNINITIALIZED
                  20000000    00001000     (.common:x)
                  20001000    00001000     (.common:x2)
                  20002000    00001000     (.common:x3)
                  20003000    00000120     rtsv7M4_T_le_v4SPD16_eabi.lib : trgmsg.obj (.bss:_CIOBUF_)
                  20003120    000000a0     (.common:__TI_tmpnams)
                  200031c0    00000008     (.common:Messageb)
                  200031c8    00000008     (.common:parmbuf)
                  200031d0    00000004     (.common:ADCflag)
                  200031d4    00000004     (.common:I1)
                  200031d8    00000004     (.common:I2)
                  200031dc    00000004     (.common:I3)
                  200031e0    00000004     (.common:LPFSum)
                  200031e4    00000004     (.common:LPFSum2)
                  200031e8    00000004     (.common:LPFSum3)
                  200031ec    00000004     (.common:Messageindexb)
                  200031f0    00000004     (.common:Size)
                  200031f4    00000004     (.common:Size2)
                  200031f8    00000004     (.common:Size3)
                  200031fc    00000004     (.common:TimerA1Task)
                  20003200    00000004     (.common:nc)
                  20003204    00000004     (.common:nl)
                  20003208    00000004     (.common:nr)

.sysmem    0    20003210    00000400     UNINITIALIZED
                  20003210    00000008     rtsv7M4_T_le_v4SPD16_eabi.lib : memory.obj (.sysmem)
                  20003218    000003f8     --HOLE--

.data      0    20003610    00000214     UNINITIALIZED
                  20003610    000000f0     rtsv7M4_T_le_v4SPD16_eabi.lib : defs.obj (.data:_ftable)
                  20003700    00000078                                   : write.obj (.data:_device)
                  20003778    00000050                                   : write.obj (.data:_stream)
                  200037c8    00000018     Clock.obj (.data)
                  200037e0    00000010     rtsv7M4_T_le_v4SPD16_eabi.lib : defs.obj (.data)
                  200037f0    0000000c                                   : exit.obj (.data:$O1$$)
                  200037fc    0000000c                                   : memory.obj (.data:$O1$$)
                  20003808    00000008                                   : _lock.obj (.data:$O1$$)
                  20003810    00000004                                   : add_device.obj (.data)
                  20003814    00000004                                   : fopen.obj (.data)
                  20003818    00000004                                   : open.obj (.data)
                  2000381c    00000004                                   : stkdepth_vars.obj (.data)
                  20003820    00000004     system_msp432p401r.obj (.data)

.stack     0    2000fe00    00000200     UNINITIALIZED
                  2000fe00    00000200     --HOLE--

MODULE SUMMARY

       Module                        code   ro data   rw data
       ------                        ----   -------   -------
    .\
       LPF.obj                       584    0         24648  
       UART0.obj                     1724   0         24     
       system_msp432p401r.obj        812    0         8      
       Clock.obj                     480    0         48     
       Lab4_ADCmain.obj              384    0         32     
       ADC14.obj                     356    0         0      
       LaunchPad.obj                 244    0         0      
       startup_msp432p401r_ccs.obj   14     228       0      
       TimerA1.obj                   168    0         8      
       IRDistance.obj                128    0         0      
       CortexM.obj                   36     0         0      
    +--+-----------------------------+------+---------+---------+
       Total:                        4930   228       24768  
                                                             
    C:\ti\ccsv7\tools\compiler\ti-cgt-arm_16.9.6.LTS\lib\rtsv7M4_T_le_v4SPD16_eabi.lib
       memory.obj                    976    0         24     
       defs.obj                      0      0         832    
       trgmsg.obj                    104    0         576    
       fopen.obj                     452    0         8      
       write.obj                     40     0         400    
       fd_mul_t2.obj                 252    0         0      
       setvbuf.obj                   220    0         0      
       fflush.obj                    200    0         0      
       open.obj                      188    0         8      
       add_device.obj                184    0         8      
       memcpy_t2.obj                 156    0         0      
       fclose.obj                    152    0         0      
       memset_t2.obj                 122    0         0      
       autoinit.obj                  112    0         0      
       getdevice.obj                 112    0         0      
       hostopen.obj                  96     0         16     
       exit.obj                      84     0         24     
       copy_decompress_lzss.obj      104    0         0      
       hostlseek.obj                 104    0         0      
       hostrename.obj                104    0         0      
       close.obj                     92     0         0      
       hostread.obj                  88     0         0      
       hostwrite.obj                 88     0         0      
       boot.obj                      84     0         0      
       cpy_tbl.obj                   76     0         0      
       fd_tou_t2.obj                 68     0         0      
       hostclose.obj                 68     0         0      
       hostunlink.obj                68     0         0      
       strncpy.obj                   54     0         0      
       i_tofd_t2.obj                 46     0         0      
       unlink.obj                    44     0         0      
       _lock.obj                     20     0         16     
       args_main.obj                 24     0         0      
       strcmp.obj                    24     0         0      
       strchr.obj                    22     0         0      
       strcpy.obj                    20     0         0      
       strlen.obj                    20     0         0      
       copy_decompress_none.obj      14     0         0      
       copy_zero_init.obj            12     0         0      
       stkdepth_vars.obj             0      0         8      
       pre_init.obj                  4      0         0      
       mpu_init.obj                  2      0         0      
       startup.obj                   2      0         0      
    +--+-----------------------------+------+---------+---------+
       Total:                        4702   0         1920   
                                                             
       Heap:                         0      0         2048   
       Stack:                        0      0         1024   
       Linker Generated:             0      154       0      
    +--+-----------------------------+------+---------+---------+
       Grand Total:                  9632   382       29760  


LINKER GENERATED COPY TABLES

__TI_cinit_table @ 00002718 records: 2, size/record: 8, table size: 16
	.data: load addr=00002688, load size=00000076 bytes, run addr=20003610, run size=00000214 bytes, compression=lzss
	.bss: load addr=00002710, load size=00000008 bytes, run addr=20000000, run size=0000320c bytes, compression=zero_init


LINKER GENERATED HANDLER TABLE

__TI_handler_table @ 00002700 records: 3, size/record: 4, table size: 12
	index: 0, handler: __TI_decompress_lzss
	index: 1, handler: __TI_decompress_none
	index: 2, handler: __TI_zero_init


GLOBAL SYMBOLS: SORTED ALPHABETICALLY BY Name 

address   name                           
-------   ----                           
00001609  ADC0_InitSWTriggerCh12         
00001679  ADC0_InitSWTriggerCh17_12_16   
00002673  ADC14_IRQHandler               
00001659  ADC_In12                       
000016e9  ADC_In17_12_16                 
200031d0  ADCflag                        
00002673  AES256_IRQHandler              
00002673  BusFault_Handler               
0000238d  C$$EXIT                        
00002193  C$$IO$$                        
00002673  COMP_E0_IRQHandler             
00002673  COMP_E1_IRQHandler             
200037d0  CPMwait                        
00002673  CS_IRQHandler                  
00001e77  CenterConvert                  
200037c8  ClockFrequency                 
00001239  Clock_Delay1ms                 
0000120f  Clock_Delay1us                 
000011fb  Clock_GetFreq                  
000010e5  Clock_Init48MHz                
200037dc  Crystalstable                  
00002673  DMA_ERR_IRQHandler             
00002673  DMA_INT0_IRQHandler            
00002673  DMA_INT1_IRQHandler            
00002673  DMA_INT2_IRQHandler            
00002673  DMA_INT3_IRQHandler            
00002673  DebugMon_Handler               
00002673  Default_Handler                
000025b1  DisableInterrupts              
00002673  EUSCIA0_IRQHandler             
00002673  EUSCIA1_IRQHandler             
00002673  EUSCIA2_IRQHandler             
00002673  EUSCIA3_IRQHandler             
00002673  EUSCIB0_IRQHandler             
00002673  EUSCIB1_IRQHandler             
00002673  EUSCIB2_IRQHandler             
00002673  EUSCIB3_IRQHandler             
000025b7  EnableInterrupts               
000025c7  EndCritical                    
00002673  FLCTL_IRQHandler               
00002673  FPU_IRQHandler                 
00002471  HOSTclose                      
00002095  HOSTlseek                      
000021cd  HOSTopen                       
00002289  HOSTread                       
000020fd  HOSTrename                     
000024b5  HOSTunlink                     
000022e1  HOSTwrite                      
00002673  HardFault_Handler              
200031d4  I1                             
200031d8  I2                             
200031dc  I3                             
200037d8  IFlags                         
200031e0  LPFSum                         
200031e4  LPFSum2                        
200031e8  LPFSum3                        
00000efb  LPF_Calc                       
00000fad  LPF_Calc2                      
0000105f  LPF_Calc3                      
00000e9d  LPF_Init                       
00000f4f  LPF_Init2                      
00001001  LPF_Init3                      
00001869  LaunchPad_Init                 
000018d9  LaunchPad_Input                
000018f3  LaunchPad_LED                  
00001911  LaunchPad_Output               
00001e51  LeftConvert                    
00002673  MemManage_Handler              
200031c0  Messageb                       
200031ec  Messageindexb                  
00002673  NMI_Handler                    
00002673  PCM_IRQHandler                 
00002673  PORT1_IRQHandler               
00002673  PORT2_IRQHandler               
00002673  PORT3_IRQHandler               
00002673  PORT4_IRQHandler               
00002673  PORT5_IRQHandler               
00002673  PORT6_IRQHandler               
00002673  PSS_IRQHandler                 
00002673  PendSV_Handler                 
200037d4  Postwait                       
200037cc  Prewait                        
00002673  RTC_C_IRQHandler               
00002667  Reset_Handler                  
00001e9d  RightConvert                   
UNDEFED   SHT$$INIT_ARRAY$$Base          
UNDEFED   SHT$$INIT_ARRAY$$Limit         
00002673  SVC_Handler                    
00001489  SensorRead_ISR                 
200031f0  Size                           
200031f4  Size2                          
200031f8  Size3                          
000025bd  StartCritical                  
00002673  SysTick_Handler                
20003820  SystemCoreClock                
00000b71  SystemCoreClockUpdate          
00000de5  SystemInit                     
00002673  T32_INT1_IRQHandler            
00002673  T32_INT2_IRQHandler            
00002673  T32_INTC_IRQHandler            
00002673  TA0_0_IRQHandler               
00002673  TA0_N_IRQHandler               
00001ce7  TA1_0_IRQHandler               
00001ce7  TA1_0_IRQHandler               
00002673  TA1_N_IRQHandler               
00002673  TA2_0_IRQHandler               
00002673  TA2_N_IRQHandler               
00002673  TA3_0_IRQHandler               
00002673  TA3_N_IRQHandler               
200031fc  TimerA1Task                    
00001c75  TimerA1_Init                   
00001cd3  TimerA1_Stop                   
0000012b  UART0_InChar                   
000005b5  UART0_InString                 
00000175  UART0_InUDec                   
00000469  UART0_InUHex                   
000000e5  UART0_Init                     
00000715  UART0_Initprintf               
0000013b  UART0_OutChar                  
00000157  UART0_OutString                
000001f9  UART0_OutUDec                  
00000365  UART0_OutUDec4                 
000003b9  UART0_OutUDec5                 
000003f5  UART0_OutUFix1                 
0000041d  UART0_OutUFix2                 
0000052d  UART0_OutUHex                  
00000599  UART0_OutUHex2                 
00002673  UsageFault_Handler             
4000480c  WDTCTL_SYM                     
00002673  WDT_A_IRQHandler               
000025cf  WaitForInterrupt               
20003000  __CIOBUF_                      
20010000  __STACK_END                    
00000200  __STACK_SIZE                   
00000400  __SYSMEM_SIZE                  
00002718  __TI_CINIT_Base                
00002728  __TI_CINIT_Limit               
00002700  __TI_Handler_Table_Base        
0000270c  __TI_Handler_Table_Limit       
00001f4d  __TI_auto_init                 
0000138d  __TI_cleanup                   
200037f0  __TI_cleanup_ptr               
00001db9  __TI_closefile                 
0000202d  __TI_decompress_lzss           
00002659  __TI_decompress_none           
00001a39  __TI_doflush                   
200037f4  __TI_dtors_ptr                 
200037f8  __TI_enable_exit_profile_output
200037e0  __TI_ft_end                    
ffffffff  __TI_pprof_out_hndl            
ffffffff  __TI_prof_data_size            
ffffffff  __TI_prof_data_start           
00002197  __TI_readmsg                   
00000000  __TI_static_base__             
20003120  __TI_tmpnams                   
00002165  __TI_writemsg                  
00002675  __TI_zero_init                 
0000242d  __aeabi_d2uiz                  
0000176d  __aeabi_dmul                   
0000252f  __aeabi_i2d                    
00001ed1  __aeabi_memclr                 
00001ed1  __aeabi_memclr4                
00001ed1  __aeabi_memclr8                
00001d1d  __aeabi_memcpy                 
00001d1d  __aeabi_memcpy4                
00001d1d  __aeabi_memcpy8                
00001ed3  __aeabi_memset                 
00001ed3  __aeabi_memset4                
00001ed3  __aeabi_memset8                
200037ec  __aeabi_stderr                 
200037e4  __aeabi_stdin                  
200037e8  __aeabi_stdout                 
ffffffff  __binit__                      
ffffffff  __c_args__                     
00001f4b  __mpu_init                     
2000fe00  __stack                        
000025d5  _args_main                     
00002339  _c_int00                       
20003700  _device                        
20003610  _ftable                        
20003808  _lock                          
0000262b  _nop                           
00002623  _register_lock                 
0000261d  _register_unlock               
20003778  _stream                        
20003210  _sys_memory                    
0000261b  _system_post_cinit             
00002681  _system_pre_init               
2000380c  _unlock                        
00002391  abort                          
00001bbd  add_device                     
ffffffff  binit                          
00000b41  calloc                         
0000222d  close                          
000023e1  copy_in                        
00001201  delay                          
00002399  exit                           
00001e1f  fclose                         
0000064f  ferror                         
00001a85  fflush                         
0000062f  fgetc                          
00001fbd  finddevice                     
000013e3  fopen                          
0000088b  free                           
000013b9  freopen                        
00001fe7  getdevice                      
00000000  interruptVectors               
000014d9  main                           
2000381c  main_func_sp                   
00000821  malloc                         
00000a55  memalign                       
00001d1d  memcpy                         
00001ed9  memset                         
000007a1  minit                          
20003200  nc                             
20003204  nl                             
20003208  nr                             
00001b01  open                           
00000571  outnibble                      
200031c8  parmbuf                        
0000094b  realloc                        
0000255d  remove                         
0000195d  setvbuf                        
00002605  strchr                         
000025ed  strcmp                         
00002631  strcpy                         
00002645  strlen                         
000024f9  strncpy                        
0000066d  uart_close                     
000006eb  uart_lseek                     
0000065d  uart_open                      
0000067f  uart_read                      
00000707  uart_rename                    
000006fb  uart_unlink                    
000006a9  uart_write                     
0000255d  unlink                         
00002589  write                          
20000000  x                              
20001000  x2                             
20002000  x3                             


GLOBAL SYMBOLS: SORTED BY Symbol Address 

address   name                           
-------   ----                           
00000000  __TI_static_base__             
00000000  interruptVectors               
000000e5  UART0_Init                     
0000012b  UART0_InChar                   
0000013b  UART0_OutChar                  
00000157  UART0_OutString                
00000175  UART0_InUDec                   
000001f9  UART0_OutUDec                  
00000200  __STACK_SIZE                   
00000365  UART0_OutUDec4                 
000003b9  UART0_OutUDec5                 
000003f5  UART0_OutUFix1                 
00000400  __SYSMEM_SIZE                  
0000041d  UART0_OutUFix2                 
00000469  UART0_InUHex                   
0000052d  UART0_OutUHex                  
00000571  outnibble                      
00000599  UART0_OutUHex2                 
000005b5  UART0_InString                 
0000062f  fgetc                          
0000064f  ferror                         
0000065d  uart_open                      
0000066d  uart_close                     
0000067f  uart_read                      
000006a9  uart_write                     
000006eb  uart_lseek                     
000006fb  uart_unlink                    
00000707  uart_rename                    
00000715  UART0_Initprintf               
000007a1  minit                          
00000821  malloc                         
0000088b  free                           
0000094b  realloc                        
00000a55  memalign                       
00000b41  calloc                         
00000b71  SystemCoreClockUpdate          
00000de5  SystemInit                     
00000e9d  LPF_Init                       
00000efb  LPF_Calc                       
00000f4f  LPF_Init2                      
00000fad  LPF_Calc2                      
00001001  LPF_Init3                      
0000105f  LPF_Calc3                      
000010e5  Clock_Init48MHz                
000011fb  Clock_GetFreq                  
00001201  delay                          
0000120f  Clock_Delay1us                 
00001239  Clock_Delay1ms                 
0000138d  __TI_cleanup                   
000013b9  freopen                        
000013e3  fopen                          
00001489  SensorRead_ISR                 
000014d9  main                           
00001609  ADC0_InitSWTriggerCh12         
00001659  ADC_In12                       
00001679  ADC0_InitSWTriggerCh17_12_16   
000016e9  ADC_In17_12_16                 
0000176d  __aeabi_dmul                   
00001869  LaunchPad_Init                 
000018d9  LaunchPad_Input                
000018f3  LaunchPad_LED                  
00001911  LaunchPad_Output               
0000195d  setvbuf                        
00001a39  __TI_doflush                   
00001a85  fflush                         
00001b01  open                           
00001bbd  add_device                     
00001c75  TimerA1_Init                   
00001cd3  TimerA1_Stop                   
00001ce7  TA1_0_IRQHandler               
00001ce7  TA1_0_IRQHandler               
00001d1d  __aeabi_memcpy                 
00001d1d  __aeabi_memcpy4                
00001d1d  __aeabi_memcpy8                
00001d1d  memcpy                         
00001db9  __TI_closefile                 
00001e1f  fclose                         
00001e51  LeftConvert                    
00001e77  CenterConvert                  
00001e9d  RightConvert                   
00001ed1  __aeabi_memclr                 
00001ed1  __aeabi_memclr4                
00001ed1  __aeabi_memclr8                
00001ed3  __aeabi_memset                 
00001ed3  __aeabi_memset4                
00001ed3  __aeabi_memset8                
00001ed9  memset                         
00001f4b  __mpu_init                     
00001f4d  __TI_auto_init                 
00001fbd  finddevice                     
00001fe7  getdevice                      
0000202d  __TI_decompress_lzss           
00002095  HOSTlseek                      
000020fd  HOSTrename                     
00002165  __TI_writemsg                  
00002193  C$$IO$$                        
00002197  __TI_readmsg                   
000021cd  HOSTopen                       
0000222d  close                          
00002289  HOSTread                       
000022e1  HOSTwrite                      
00002339  _c_int00                       
0000238d  C$$EXIT                        
00002391  abort                          
00002399  exit                           
000023e1  copy_in                        
0000242d  __aeabi_d2uiz                  
00002471  HOSTclose                      
000024b5  HOSTunlink                     
000024f9  strncpy                        
0000252f  __aeabi_i2d                    
0000255d  remove                         
0000255d  unlink                         
00002589  write                          
000025b1  DisableInterrupts              
000025b7  EnableInterrupts               
000025bd  StartCritical                  
000025c7  EndCritical                    
000025cf  WaitForInterrupt               
000025d5  _args_main                     
000025ed  strcmp                         
00002605  strchr                         
0000261b  _system_post_cinit             
0000261d  _register_unlock               
00002623  _register_lock                 
0000262b  _nop                           
00002631  strcpy                         
00002645  strlen                         
00002659  __TI_decompress_none           
00002667  Reset_Handler                  
00002673  ADC14_IRQHandler               
00002673  AES256_IRQHandler              
00002673  BusFault_Handler               
00002673  COMP_E0_IRQHandler             
00002673  COMP_E1_IRQHandler             
00002673  CS_IRQHandler                  
00002673  DMA_ERR_IRQHandler             
00002673  DMA_INT0_IRQHandler            
00002673  DMA_INT1_IRQHandler            
00002673  DMA_INT2_IRQHandler            
00002673  DMA_INT3_IRQHandler            
00002673  DebugMon_Handler               
00002673  Default_Handler                
00002673  EUSCIA0_IRQHandler             
00002673  EUSCIA1_IRQHandler             
00002673  EUSCIA2_IRQHandler             
00002673  EUSCIA3_IRQHandler             
00002673  EUSCIB0_IRQHandler             
00002673  EUSCIB1_IRQHandler             
00002673  EUSCIB2_IRQHandler             
00002673  EUSCIB3_IRQHandler             
00002673  FLCTL_IRQHandler               
00002673  FPU_IRQHandler                 
00002673  HardFault_Handler              
00002673  MemManage_Handler              
00002673  NMI_Handler                    
00002673  PCM_IRQHandler                 
00002673  PORT1_IRQHandler               
00002673  PORT2_IRQHandler               
00002673  PORT3_IRQHandler               
00002673  PORT4_IRQHandler               
00002673  PORT5_IRQHandler               
00002673  PORT6_IRQHandler               
00002673  PSS_IRQHandler                 
00002673  PendSV_Handler                 
00002673  RTC_C_IRQHandler               
00002673  SVC_Handler                    
00002673  SysTick_Handler                
00002673  T32_INT1_IRQHandler            
00002673  T32_INT2_IRQHandler            
00002673  T32_INTC_IRQHandler            
00002673  TA0_0_IRQHandler               
00002673  TA0_N_IRQHandler               
00002673  TA1_N_IRQHandler               
00002673  TA2_0_IRQHandler               
00002673  TA2_N_IRQHandler               
00002673  TA3_0_IRQHandler               
00002673  TA3_N_IRQHandler               
00002673  UsageFault_Handler             
00002673  WDT_A_IRQHandler               
00002675  __TI_zero_init                 
00002681  _system_pre_init               
00002700  __TI_Handler_Table_Base        
0000270c  __TI_Handler_Table_Limit       
00002718  __TI_CINIT_Base                
00002728  __TI_CINIT_Limit               
20000000  x                              
20001000  x2                             
20002000  x3                             
20003000  __CIOBUF_                      
20003120  __TI_tmpnams                   
200031c0  Messageb                       
200031c8  parmbuf                        
200031d0  ADCflag                        
200031d4  I1                             
200031d8  I2                             
200031dc  I3                             
200031e0  LPFSum                         
200031e4  LPFSum2                        
200031e8  LPFSum3                        
200031ec  Messageindexb                  
200031f0  Size                           
200031f4  Size2                          
200031f8  Size3                          
200031fc  TimerA1Task                    
20003200  nc                             
20003204  nl                             
20003208  nr                             
20003210  _sys_memory                    
20003610  _ftable                        
20003700  _device                        
20003778  _stream                        
200037c8  ClockFrequency                 
200037cc  Prewait                        
200037d0  CPMwait                        
200037d4  Postwait                       
200037d8  IFlags                         
200037dc  Crystalstable                  
200037e0  __TI_ft_end                    
200037e4  __aeabi_stdin                  
200037e8  __aeabi_stdout                 
200037ec  __aeabi_stderr                 
200037f0  __TI_cleanup_ptr               
200037f4  __TI_dtors_ptr                 
200037f8  __TI_enable_exit_profile_output
20003808  _lock                          
2000380c  _unlock                        
2000381c  main_func_sp                   
20003820  SystemCoreClock                
2000fe00  __stack                        
20010000  __STACK_END                    
4000480c  WDTCTL_SYM                     
ffffffff  __TI_pprof_out_hndl            
ffffffff  __TI_prof_data_size            
ffffffff  __TI_prof_data_start           
ffffffff  __binit__                      
ffffffff  __c_args__                     
ffffffff  binit                          
UNDEFED   SHT$$INIT_ARRAY$$Base          
UNDEFED   SHT$$INIT_ARRAY$$Limit         

[240 symbols]
