******************************************************************************
                  TI ARM Linker PC v16.9.6                     
******************************************************************************
>> Linked Tue Nov 01 13:13:38 2022

OUTPUT FILE NAME:   <Lab3_TimerCompare_Motor.out>
ENTRY POINT SYMBOL: "_c_int00"  address: 00001521


MEMORY CONFIGURATION

         name            origin    length      used     unused   attr    fill
----------------------  --------  ---------  --------  --------  ----  --------
  MAIN                  00000000   00040000  0000172c  0003e8d4  R  X
  INFO                  00200000   00004000  00000000  00004000  R  X
  SRAM_CODE             01000000   00010000  00000377  0000fc89  RW X
  SRAM_DATA             20000000   00010000  00000377  0000fc89  RW  


SEGMENT ALLOCATION MAP

run origin  load origin   length   init length attrs members
----------  ----------- ---------- ----------- ----- -------
00000000    00000000    00001730   00001730    r-x
  00000000    00000000    000000e4   000000e4    r-- .intvecs
  000000e4    000000e4    00001608   00001608    r-x .text
  000016f0    000016f0    00000040   00000040    r-- .cinit
20000000    20000000    00000179   00000000    rw-
  20000000    20000000    00000132   00000000    rw- .bss
  20000134    20000134    00000045   00000000    rw- .data
2000fe00    2000fe00    00000200   00000000    rw-
  2000fe00    2000fe00    00000200   00000000    rw- .stack


SECTION ALLOCATION MAP

 output                                  attributes/
section   page    origin      length       input sections
--------  ----  ----------  ----------   ----------------
.intvecs   0    00000000    000000e4     
                  00000000    000000e4     startup_msp432p401r_ccs.obj (.intvecs:retain)

.binit     0    00000000    00000000     

.text      0    000000e4    00001608     
                  000000e4    00000630     TExaS.obj (.text)
                  00000714    0000032c     system_msp432p401r.obj (.text)
                  00000a40    000001e0     Clock.obj (.text)
                  00000c20    000001b0     Motor.obj (.text)
                  00000dd0    0000010c     Lab3_Timersmain.obj (.text)
                  00000edc    000000f4     LaunchPad.obj (.text)
                  00000fd0    000000ec     PWM.obj (.text)
                  000010bc    000000cc     Bump.obj (.text)
                  00001188    000000a8     TimerA1.obj (.text)
                  00001230    0000009c     rtsv7M4_T_le_v4SPD16_eabi.lib : memcpy_t2.obj (.text)
                  000012cc    00000098                                   : hosttime.obj (.text)
                  00001364    0000007a                                   : memset_t2.obj (.text)
                  000013de    00000002                                   : mpu_init.obj (.text)
                  000013e0    00000070                                   : autoinit.obj (.text)
                  00001450    00000068                                   : copy_decompress_lzss.obj (.text:decompress:lzss)
                  000014b8    00000068                                   : trgmsg.obj (.text)
                  00001520    00000054                                   : boot.obj (.text)
                  00001574    00000054                                   : exit.obj (.text)
                  000015c8    0000004c                                   : cpy_tbl.obj (.text)
                  00001614    0000004c                                   : rand.obj (.text)
                  00001660    00000024     CortexM.obj (.text)
                  00001684    00000018     rtsv7M4_T_le_v4SPD16_eabi.lib : args_main.obj (.text)
                  0000169c    00000014                                   : _lock.obj (.text)
                  000016b0    0000000e                                   : copy_decompress_none.obj (.text:decompress:none)
                  000016be    0000000e                                   : time.obj (.text)
                  000016cc    0000000e     startup_msp432p401r_ccs.obj (.text)
                  000016da    0000000c     rtsv7M4_T_le_v4SPD16_eabi.lib : copy_zero_init.obj (.text:decompress:ZI)
                  000016e6    00000004                                   : pre_init.obj (.text)
                  000016ea    00000002                                   : startup.obj (.text)

.cinit     0    000016f0    00000040     
                  000016f0    00000017     (.cinit..data.load) [load image, compression = lzss]
                  00001707    00000001     --HOLE-- [fill = 0]
                  00001708    0000000c     (__TI_handler_table)
                  00001714    00000004     --HOLE-- [fill = 0]
                  00001718    00000008     (.cinit..bss.load) [load image, compression = zero_init]
                  00001720    00000010     (__TI_cinit_table)

.init_array 
*          0    00000000    00000000     UNINITIALIZED

.bss       0    20000000    00000132     UNINITIALIZED
                  20000000    00000120     rtsv7M4_T_le_v4SPD16_eabi.lib : trgmsg.obj (.bss:_CIOBUF_)
                  20000120    00000008     (.common:parmbuf)
                  20000128    00000004     (.common:PeriodicTask2)
                  2000012c    00000004     (.common:TimerA1Task)
                  20000130    00000001     (.common:LogicData)
                  20000131    00000001     (.common:bump_data)

.data      0    20000134    00000045     UNINITIALIZED
                  20000134    00000018     Clock.obj (.data)
                  2000014c    0000000c     rtsv7M4_T_le_v4SPD16_eabi.lib : exit.obj (.data:$O1$$)
                  20000158    0000000c     TExaS.obj (.data)
                  20000164    00000008     rtsv7M4_T_le_v4SPD16_eabi.lib : _lock.obj (.data:$O1$$)
                  2000016c    00000004                                   : rand.obj (.data)
                  20000170    00000004                                   : stkdepth_vars.obj (.data)
                  20000174    00000004     system_msp432p401r.obj (.data)
                  20000178    00000001     Lab3_Timersmain.obj (.data)

.stack     0    2000fe00    00000200     UNINITIALIZED
                  2000fe00    00000200     --HOLE--

MODULE SUMMARY

       Module                        code   ro data   rw data
       ------                        ----   -------   -------
    .\
       TExaS.obj                     1584   0         34     
       system_msp432p401r.obj        812    0         8      
       Clock.obj                     480    0         48     
       Motor.obj                     432    0         0      
       Lab3_Timersmain.obj           268    0         4      
       LaunchPad.obj                 244    0         0      
       startup_msp432p401r_ccs.obj   14     228       0      
       PWM.obj                       236    0         0      
       Bump.obj                      204    0         0      
       TimerA1.obj                   168    0         8      
       CortexM.obj                   36     0         0      
    +--+-----------------------------+------+---------+---------+
       Total:                        4478   228       102    
                                                             
    C:\ti\ccsv7\tools\compiler\ti-cgt-arm_16.9.6.LTS\lib\rtsv7M4_T_le_v4SPD16_eabi.lib
       trgmsg.obj                    104    0         576    
       memcpy_t2.obj                 156    0         0      
       hosttime.obj                  152    0         0      
       memset_t2.obj                 122    0         0      
       autoinit.obj                  112    0         0      
       exit.obj                      84     0         24     
       copy_decompress_lzss.obj      104    0         0      
       boot.obj                      84     0         0      
       rand.obj                      76     0         8      
       cpy_tbl.obj                   76     0         0      
       _lock.obj                     20     0         16     
       args_main.obj                 24     0         0      
       hostopen.obj                  0      0         16     
       copy_decompress_none.obj      14     0         0      
       time.obj                      14     0         0      
       copy_zero_init.obj            12     0         0      
       stkdepth_vars.obj             0      0         8      
       pre_init.obj                  4      0         0      
       mpu_init.obj                  2      0         0      
       startup.obj                   2      0         0      
    +--+-----------------------------+------+---------+---------+
       Total:                        1162   0         648    
                                                             
       Stack:                        0      0         1024   
       Linker Generated:             0      59        0      
    +--+-----------------------------+------+---------+---------+
       Grand Total:                  5640   287       1774   


LINKER GENERATED COPY TABLES

__TI_cinit_table @ 00001720 records: 2, size/record: 8, table size: 16
	.data: load addr=000016f0, load size=00000017 bytes, run addr=20000134, run size=00000045 bytes, compression=lzss
	.bss: load addr=00001718, load size=00000008 bytes, run addr=20000000, run size=00000132 bytes, compression=zero_init


LINKER GENERATED HANDLER TABLE

__TI_handler_table @ 00001708 records: 3, size/record: 4, table size: 12
	index: 0, handler: __TI_decompress_lzss
	index: 1, handler: __TI_decompress_none
	index: 2, handler: __TI_zero_init


GLOBAL SYMBOLS: SORTED ALPHABETICALLY BY Name 

address   name                           
-------   ----                           
000016d9  ADC14_IRQHandler               
00000475  ADC_Init                       
000016d9  AES256_IRQHandler              
000010bd  Bump_Init                      
00001125  Bump_Read                      
000016d9  BusFault_Handler               
00001575  C$$EXIT                        
000014e7  C$$IO$$                        
000016d9  COMP_E0_IRQHandler             
000016d9  COMP_E1_IRQHandler             
2000013c  CPMwait                        
000016d9  CS_IRQHandler                  
20000134  ClockFrequency                 
00000b95  Clock_Delay1ms                 
00000b6b  Clock_Delay1us                 
00000b57  Clock_GetFreq                  
00000a41  Clock_Init48MHz                
20000148  Crystalstable                  
000016d9  DMA_ERR_IRQHandler             
000016d9  DMA_INT0_IRQHandler            
000016d9  DMA_INT1_IRQHandler            
000016d9  DMA_INT2_IRQHandler            
000016d9  DMA_INT3_IRQHandler            
000016d9  DebugMon_Handler               
000016d9  Default_Handler                
00001661  DisableInterrupts              
000016d9  EUSCIA0_IRQHandler             
000016d9  EUSCIA1_IRQHandler             
000016d9  EUSCIA2_IRQHandler             
000016d9  EUSCIA3_IRQHandler             
000016d9  EUSCIB0_IRQHandler             
000016d9  EUSCIB1_IRQHandler             
000016d9  EUSCIB2_IRQHandler             
000016d9  EUSCIB3_IRQHandler             
00001667  EnableInterrupts               
00001677  EndCritical                    
000016d9  FLCTL_IRQHandler               
000016d9  FPU_IRQHandler                 
0000131b  HOSTtime                       
000012cd  HOSTtime64                     
000016d9  HardFault_Handler              
20000144  IFlags                         
00000edd  LaunchPad_Init                 
00000f4d  LaunchPad_Input                
00000f67  LaunchPad_LED                  
00000f85  LaunchPad_Output               
000000e5  LogicAnalyzer                  
000000ef  LogicAnalyzer_P1               
000001c5  LogicAnalyzer_P10              
000000fd  LogicAnalyzer_P2               
0000010b  LogicAnalyzer_P2_7654          
0000011b  LogicAnalyzer_P3               
00000129  LogicAnalyzer_P4               
00000147  LogicAnalyzer_P4_765320        
00000137  LogicAnalyzer_P4_765432        
0000017f  LogicAnalyzer_P5               
0000018d  LogicAnalyzer_P6               
0000019b  LogicAnalyzer_P7               
000001a9  LogicAnalyzer_P8               
000001b7  LogicAnalyzer_P9               
20000130  LogicData                      
000016d9  MemManage_Handler              
00000d71  Motor_Backward                 
00000ccd  Motor_Forward                  
00000c21  Motor_Init                     
00000d37  Motor_Left                     
00000cfd  Motor_Right                    
00000ca9  Motor_Stop                     
000016d9  NMI_Handler                    
000016d9  PCM_IRQHandler                 
000016d9  PORT1_IRQHandler               
000016d9  PORT2_IRQHandler               
000016d9  PORT3_IRQHandler               
00000ead  PORT4_IRQHandler               
00000ead  PORT4_IRQHandler               
000016d9  PORT5_IRQHandler               
000016d9  PORT6_IRQHandler               
000016d9  PSS_IRQHandler                 
00001055  PWM_Duty3                      
00001075  PWM_Duty4                      
00000fd1  PWM_Init34                     
000016d9  PendSV_Handler                 
20000128  PeriodicTask2                  
00000257  PeriodicTask2_Init             
000002d1  PeriodicTask2_Stop             
20000140  Postwait                       
20000138  Prewait                        
000016d9  RTC_C_IRQHandler               
000016cd  Reset_Handler                  
UNDEFED   SHT$$INIT_ARRAY$$Base          
UNDEFED   SHT$$INIT_ARRAY$$Limit         
000016d9  SVC_Handler                    
000001d3  Scope                          
0000166d  StartCritical                  
000016d9  SysTick_Handler                
20000174  SystemCoreClock                
00000715  SystemCoreClockUpdate          
00000989  SystemInit                     
000002c1  T32_INT1_IRQHandler            
000002c1  T32_INT1_IRQHandler            
000016d9  T32_INT2_IRQHandler            
000016d9  T32_INTC_IRQHandler            
000016d9  TA0_0_IRQHandler               
000016d9  TA0_N_IRQHandler               
000011fb  TA1_0_IRQHandler               
000011fb  TA1_0_IRQHandler               
000016d9  TA1_N_IRQHandler               
000016d9  TA2_0_IRQHandler               
000016d9  TA2_N_IRQHandler               
000016d9  TA3_0_IRQHandler               
000016d9  TA3_N_IRQHandler               
00000413  TExaS_Clear0                   
0000041f  TExaS_Clear1                   
0000042b  TExaS_Clear2                   
00000437  TExaS_Clear3                   
00000443  TExaS_Clear4                   
00000445  TExaS_Clear5                   
00000451  TExaS_Clear6                   
00000551  TExaS_Init                     
2000015c  TExaS_ScopeErrConflict         
20000158  TExaS_ScopeErrLostData         
20000160  TExaS_ScopeWrnReconfig         
000003b1  TExaS_Set                      
000003c9  TExaS_Set0                     
000003d5  TExaS_Set1                     
000003e1  TExaS_Set2                     
000003ed  TExaS_Set3                     
000003f9  TExaS_Set4                     
000003fb  TExaS_Set5                     
00000407  TExaS_Set6                     
000006b1  TExaS_Stop                     
00000367  TExaS_Task0                    
00000373  TExaS_Task1                    
0000037f  TExaS_Task2                    
0000038b  TExaS_Task3                    
00000397  TExaS_Task4                    
00000399  TExaS_Task5                    
000003a5  TExaS_Task6                    
00000de1  Task                           
00000dd1  TimedPause                     
2000012c  TimerA1Task                    
00001189  TimerA1_Init                   
000011e7  TimerA1_Stop                   
0000033b  UART_InChar                    
000002e1  UART_Init                      
0000034b  UART_OutChar                   
000016d9  UsageFault_Handler             
4000480c  WDTCTL_SYM                     
000016d9  WDT_A_IRQHandler               
0000167f  WaitForInterrupt               
20000000  __CIOBUF_                      
20010000  __STACK_END                    
00000200  __STACK_SIZE                   
00001720  __TI_CINIT_Base                
00001730  __TI_CINIT_Limit               
00001708  __TI_Handler_Table_Base        
00001714  __TI_Handler_Table_Limit       
000013e1  __TI_auto_init                 
2000014c  __TI_cleanup_ptr               
00001451  __TI_decompress_lzss           
000016b1  __TI_decompress_none           
20000150  __TI_dtors_ptr                 
20000154  __TI_enable_exit_profile_output
ffffffff  __TI_pprof_out_hndl            
ffffffff  __TI_prof_data_size            
ffffffff  __TI_prof_data_start           
000014eb  __TI_readmsg                   
00000000  __TI_static_base__             
000014b9  __TI_writemsg                  
000016db  __TI_zero_init                 
00001365  __aeabi_memclr                 
00001365  __aeabi_memclr4                
00001365  __aeabi_memclr8                
00001231  __aeabi_memcpy                 
00001231  __aeabi_memcpy4                
00001231  __aeabi_memcpy8                
00001367  __aeabi_memset                 
00001367  __aeabi_memset4                
00001367  __aeabi_memset8                
ffffffff  __binit__                      
ffffffff  __c_args__                     
000013df  __mpu_init                     
2000fe00  __stack                        
000016bf  __time32                       
00001685  _args_main                     
00001521  _c_int00                       
20000164  _lock                          
000016ab  _nop                           
000016a3  _register_lock                 
0000169d  _register_unlock               
000016eb  _system_post_cinit             
000016e7  _system_pre_init               
20000168  _unlock                        
00001579  abort                          
ffffffff  binit                          
20000131  bump_data                      
000015c9  copy_in                        
00000b5d  delay                          
00001581  exit                           
00000000  interruptVectors               
00000e19  main                           
20000170  main_func_sp                   
00001231  memcpy                         
0000136d  memset                         
20000120  parmbuf                        
0000162b  rand                           
00001615  srand                          
000016bf  time                           


GLOBAL SYMBOLS: SORTED BY Symbol Address 

address   name                           
-------   ----                           
00000000  __TI_static_base__             
00000000  interruptVectors               
000000e5  LogicAnalyzer                  
000000ef  LogicAnalyzer_P1               
000000fd  LogicAnalyzer_P2               
0000010b  LogicAnalyzer_P2_7654          
0000011b  LogicAnalyzer_P3               
00000129  LogicAnalyzer_P4               
00000137  LogicAnalyzer_P4_765432        
00000147  LogicAnalyzer_P4_765320        
0000017f  LogicAnalyzer_P5               
0000018d  LogicAnalyzer_P6               
0000019b  LogicAnalyzer_P7               
000001a9  LogicAnalyzer_P8               
000001b7  LogicAnalyzer_P9               
000001c5  LogicAnalyzer_P10              
000001d3  Scope                          
00000200  __STACK_SIZE                   
00000257  PeriodicTask2_Init             
000002c1  T32_INT1_IRQHandler            
000002c1  T32_INT1_IRQHandler            
000002d1  PeriodicTask2_Stop             
000002e1  UART_Init                      
0000033b  UART_InChar                    
0000034b  UART_OutChar                   
00000367  TExaS_Task0                    
00000373  TExaS_Task1                    
0000037f  TExaS_Task2                    
0000038b  TExaS_Task3                    
00000397  TExaS_Task4                    
00000399  TExaS_Task5                    
000003a5  TExaS_Task6                    
000003b1  TExaS_Set                      
000003c9  TExaS_Set0                     
000003d5  TExaS_Set1                     
000003e1  TExaS_Set2                     
000003ed  TExaS_Set3                     
000003f9  TExaS_Set4                     
000003fb  TExaS_Set5                     
00000407  TExaS_Set6                     
00000413  TExaS_Clear0                   
0000041f  TExaS_Clear1                   
0000042b  TExaS_Clear2                   
00000437  TExaS_Clear3                   
00000443  TExaS_Clear4                   
00000445  TExaS_Clear5                   
00000451  TExaS_Clear6                   
00000475  ADC_Init                       
00000551  TExaS_Init                     
000006b1  TExaS_Stop                     
00000715  SystemCoreClockUpdate          
00000989  SystemInit                     
00000a41  Clock_Init48MHz                
00000b57  Clock_GetFreq                  
00000b5d  delay                          
00000b6b  Clock_Delay1us                 
00000b95  Clock_Delay1ms                 
00000c21  Motor_Init                     
00000ca9  Motor_Stop                     
00000ccd  Motor_Forward                  
00000cfd  Motor_Right                    
00000d37  Motor_Left                     
00000d71  Motor_Backward                 
00000dd1  TimedPause                     
00000de1  Task                           
00000e19  main                           
00000ead  PORT4_IRQHandler               
00000ead  PORT4_IRQHandler               
00000edd  LaunchPad_Init                 
00000f4d  LaunchPad_Input                
00000f67  LaunchPad_LED                  
00000f85  LaunchPad_Output               
00000fd1  PWM_Init34                     
00001055  PWM_Duty3                      
00001075  PWM_Duty4                      
000010bd  Bump_Init                      
00001125  Bump_Read                      
00001189  TimerA1_Init                   
000011e7  TimerA1_Stop                   
000011fb  TA1_0_IRQHandler               
000011fb  TA1_0_IRQHandler               
00001231  __aeabi_memcpy                 
00001231  __aeabi_memcpy4                
00001231  __aeabi_memcpy8                
00001231  memcpy                         
000012cd  HOSTtime64                     
0000131b  HOSTtime                       
00001365  __aeabi_memclr                 
00001365  __aeabi_memclr4                
00001365  __aeabi_memclr8                
00001367  __aeabi_memset                 
00001367  __aeabi_memset4                
00001367  __aeabi_memset8                
0000136d  memset                         
000013df  __mpu_init                     
000013e1  __TI_auto_init                 
00001451  __TI_decompress_lzss           
000014b9  __TI_writemsg                  
000014e7  C$$IO$$                        
000014eb  __TI_readmsg                   
00001521  _c_int00                       
00001575  C$$EXIT                        
00001579  abort                          
00001581  exit                           
000015c9  copy_in                        
00001615  srand                          
0000162b  rand                           
00001661  DisableInterrupts              
00001667  EnableInterrupts               
0000166d  StartCritical                  
00001677  EndCritical                    
0000167f  WaitForInterrupt               
00001685  _args_main                     
0000169d  _register_unlock               
000016a3  _register_lock                 
000016ab  _nop                           
000016b1  __TI_decompress_none           
000016bf  __time32                       
000016bf  time                           
000016cd  Reset_Handler                  
000016d9  ADC14_IRQHandler               
000016d9  AES256_IRQHandler              
000016d9  BusFault_Handler               
000016d9  COMP_E0_IRQHandler             
000016d9  COMP_E1_IRQHandler             
000016d9  CS_IRQHandler                  
000016d9  DMA_ERR_IRQHandler             
000016d9  DMA_INT0_IRQHandler            
000016d9  DMA_INT1_IRQHandler            
000016d9  DMA_INT2_IRQHandler            
000016d9  DMA_INT3_IRQHandler            
000016d9  DebugMon_Handler               
000016d9  Default_Handler                
000016d9  EUSCIA0_IRQHandler             
000016d9  EUSCIA1_IRQHandler             
000016d9  EUSCIA2_IRQHandler             
000016d9  EUSCIA3_IRQHandler             
000016d9  EUSCIB0_IRQHandler             
000016d9  EUSCIB1_IRQHandler             
000016d9  EUSCIB2_IRQHandler             
000016d9  EUSCIB3_IRQHandler             
000016d9  FLCTL_IRQHandler               
000016d9  FPU_IRQHandler                 
000016d9  HardFault_Handler              
000016d9  MemManage_Handler              
000016d9  NMI_Handler                    
000016d9  PCM_IRQHandler                 
000016d9  PORT1_IRQHandler               
000016d9  PORT2_IRQHandler               
000016d9  PORT3_IRQHandler               
000016d9  PORT5_IRQHandler               
000016d9  PORT6_IRQHandler               
000016d9  PSS_IRQHandler                 
000016d9  PendSV_Handler                 
000016d9  RTC_C_IRQHandler               
000016d9  SVC_Handler                    
000016d9  SysTick_Handler                
000016d9  T32_INT2_IRQHandler            
000016d9  T32_INTC_IRQHandler            
000016d9  TA0_0_IRQHandler               
000016d9  TA0_N_IRQHandler               
000016d9  TA1_N_IRQHandler               
000016d9  TA2_0_IRQHandler               
000016d9  TA2_N_IRQHandler               
000016d9  TA3_0_IRQHandler               
000016d9  TA3_N_IRQHandler               
000016d9  UsageFault_Handler             
000016d9  WDT_A_IRQHandler               
000016db  __TI_zero_init                 
000016e7  _system_pre_init               
000016eb  _system_post_cinit             
00001708  __TI_Handler_Table_Base        
00001714  __TI_Handler_Table_Limit       
00001720  __TI_CINIT_Base                
00001730  __TI_CINIT_Limit               
20000000  __CIOBUF_                      
20000120  parmbuf                        
20000128  PeriodicTask2                  
2000012c  TimerA1Task                    
20000130  LogicData                      
20000131  bump_data                      
20000134  ClockFrequency                 
20000138  Prewait                        
2000013c  CPMwait                        
20000140  Postwait                       
20000144  IFlags                         
20000148  Crystalstable                  
2000014c  __TI_cleanup_ptr               
20000150  __TI_dtors_ptr                 
20000154  __TI_enable_exit_profile_output
20000158  TExaS_ScopeErrLostData         
2000015c  TExaS_ScopeErrConflict         
20000160  TExaS_ScopeWrnReconfig         
20000164  _lock                          
20000168  _unlock                        
20000170  main_func_sp                   
20000174  SystemCoreClock                
2000fe00  __stack                        
20010000  __STACK_END                    
4000480c  WDTCTL_SYM                     
ffffffff  __TI_pprof_out_hndl            
ffffffff  __TI_prof_data_size            
ffffffff  __TI_prof_data_start           
ffffffff  __binit__                      
ffffffff  __c_args__                     
ffffffff  binit                          
UNDEFED   SHT$$INIT_ARRAY$$Base          
UNDEFED   SHT$$INIT_ARRAY$$Limit         

[208 symbols]
