******************************************************************************
                  TI ARM Linker PC v16.9.6                     
******************************************************************************
>> Linked Tue Nov 01 13:13:22 2022

OUTPUT FILE NAME:   <Lab2_FSM.out>
ENTRY POINT SYMBOL: "_c_int00"  address: 00001185


MEMORY CONFIGURATION

         name            origin    length      used     unused   attr    fill
----------------------  --------  ---------  --------  --------  ----  --------
  MAIN                  00000000   00040000  0000143a  0003ebc6  R  X
  INFO                  00200000   00004000  00000000  00004000  R  X
  SRAM_CODE             01000000   00010000  00000251  0000fdaf  RW X
  SRAM_DATA             20000000   00010000  00000251  0000fdaf  RW  


SEGMENT ALLOCATION MAP

run origin  load origin   length   init length attrs members
----------  ----------- ---------- ----------- ----- -------
00000000    00000000    00001440   00001440    r-x
  00000000    00000000    000000e4   000000e4    r-- .intvecs
  000000e4    000000e4    000011ee   000011ee    r-x .text
  000012d4    000012d4    00000128   00000128    r-- .const
  00001400    00001400    00000040   00000040    r-- .cinit
20000000    20000000    00000051   00000000    rw-
  20000000    20000000    00000040   00000000    rw- .data
  20000040    20000040    00000011   00000000    rw- .bss
2000fe00    2000fe00    00000200   00000000    rw-
  2000fe00    2000fe00    00000200   00000000    rw- .stack


SECTION ALLOCATION MAP

 output                                  attributes/
section   page    origin      length       input sections
--------  ----  ----------  ----------   ----------------
.intvecs   0    00000000    000000e4     
                  00000000    000000e4     startup_msp432p401r_ccs.obj (.intvecs:retain)

.binit     0    00000000    00000000     

.text      0    000000e4    000011ee     
                  000000e4    00000630     TExaS.obj (.text)
                  00000714    0000032c     system_msp432p401r.obj (.text)
                  00000a40    000001f4     Reflectance.obj (.text)
                  00000c34    000001e0     Clock.obj (.text)
                  00000e14    000000f4     LaunchPad.obj (.text)
                  00000f08    0000009c     rtsv7M4_T_le_v4SPD16_eabi.lib : memcpy_t2.obj (.text)
                  00000fa4    0000008c     Lab2-FSMmain-11states.obj (.text)
                  00001030    0000007a     rtsv7M4_T_le_v4SPD16_eabi.lib : memset_t2.obj (.text)
                  000010aa    00000002                                   : mpu_init.obj (.text)
                  000010ac    00000070                                   : autoinit.obj (.text)
                  0000111c    00000068                                   : copy_decompress_lzss.obj (.text:decompress:lzss)
                  00001184    00000054                                   : boot.obj (.text)
                  000011d8    00000054                                   : exit.obj (.text)
                  0000122c    0000004c                                   : cpy_tbl.obj (.text)
                  00001278    00000018                                   : args_main.obj (.text)
                  00001290    00000014                                   : _lock.obj (.text)
                  000012a4    0000000e                                   : copy_decompress_none.obj (.text:decompress:none)
                  000012b2    0000000e     startup_msp432p401r_ccs.obj (.text)
                  000012c0    0000000c     rtsv7M4_T_le_v4SPD16_eabi.lib : copy_zero_init.obj (.text:decompress:ZI)
                  000012cc    00000004                                   : pre_init.obj (.text)
                  000012d0    00000002                                   : startup.obj (.text)

.const     0    000012d4    00000128     
                  000012d4    00000108     Lab2-FSMmain-11states.obj (.const:fsm)
                  000013dc    00000020     Reflectance.obj (.const:$P$T0$1)

.cinit     0    00001400    00000040     
                  00001400    00000017     (.cinit..data.load) [load image, compression = lzss]
                  00001417    00000001     --HOLE-- [fill = 0]
                  00001418    0000000c     (__TI_handler_table)
                  00001424    00000004     --HOLE-- [fill = 0]
                  00001428    00000008     (.cinit..bss.load) [load image, compression = zero_init]
                  00001430    00000010     (__TI_cinit_table)

.init_array 
*          0    00000000    00000000     UNINITIALIZED

.data      0    20000000    00000040     UNINITIALIZED
                  20000000    00000018     Clock.obj (.data)
                  20000018    0000000c     rtsv7M4_T_le_v4SPD16_eabi.lib : exit.obj (.data:$O1$$)
                  20000024    0000000c     TExaS.obj (.data)
                  20000030    00000008     rtsv7M4_T_le_v4SPD16_eabi.lib : _lock.obj (.data:$O1$$)
                  20000038    00000004                                   : stkdepth_vars.obj (.data)
                  2000003c    00000004     system_msp432p401r.obj (.data)

.bss       0    20000040    00000011     UNINITIALIZED
                  20000040    00000004     (.common:Input)
                  20000044    00000004     (.common:Output)
                  20000048    00000004     (.common:PeriodicTask2)
                  2000004c    00000004     (.common:Spt)
                  20000050    00000001     (.common:LogicData)

.stack     0    2000fe00    00000200     UNINITIALIZED
                  2000fe00    00000200     --HOLE--

MODULE SUMMARY

       Module                        code   ro data   rw data
       ------                        ----   -------   -------
    .\
       TExaS.obj                     1584   0         34     
       system_msp432p401r.obj        812    0         8      
       Reflectance.obj               500    32        0      
       Clock.obj                     480    0         48     
       Lab2-FSMmain-11states.obj     140    264       24     
       LaunchPad.obj                 244    0         0      
       startup_msp432p401r_ccs.obj   14     228       0      
    +--+-----------------------------+------+---------+---------+
       Total:                        3774   524       114    
                                                             
    C:\ti\ccsv7\tools\compiler\ti-cgt-arm_16.9.6.LTS\lib\rtsv7M4_T_le_v4SPD16_eabi.lib
       memcpy_t2.obj                 156    0         0      
       memset_t2.obj                 122    0         0      
       autoinit.obj                  112    0         0      
       exit.obj                      84     0         24     
       copy_decompress_lzss.obj      104    0         0      
       boot.obj                      84     0         0      
       cpy_tbl.obj                   76     0         0      
       _lock.obj                     20     0         16     
       args_main.obj                 24     0         0      
       copy_decompress_none.obj      14     0         0      
       copy_zero_init.obj            12     0         0      
       stkdepth_vars.obj             0      0         8      
       pre_init.obj                  4      0         0      
       mpu_init.obj                  2      0         0      
       startup.obj                   2      0         0      
    +--+-----------------------------+------+---------+---------+
       Total:                        816    0         48     
                                                             
       Stack:                        0      0         1024   
       Linker Generated:             0      59        0      
    +--+-----------------------------+------+---------+---------+
       Grand Total:                  4590   583       1186   


LINKER GENERATED COPY TABLES

__TI_cinit_table @ 00001430 records: 2, size/record: 8, table size: 16
	.data: load addr=00001400, load size=00000017 bytes, run addr=20000000, run size=00000040 bytes, compression=lzss
	.bss: load addr=00001428, load size=00000008 bytes, run addr=20000040, run size=00000011 bytes, compression=zero_init


LINKER GENERATED HANDLER TABLE

__TI_handler_table @ 00001418 records: 3, size/record: 4, table size: 12
	index: 0, handler: __TI_decompress_lzss
	index: 1, handler: __TI_decompress_none
	index: 2, handler: __TI_zero_init


GLOBAL SYMBOLS: SORTED ALPHABETICALLY BY Name 

address   name                           
-------   ----                           
000012bf  ADC14_IRQHandler               
00000475  ADC_Init                       
000012bf  AES256_IRQHandler              
000012bf  BusFault_Handler               
000011d9  C$$EXIT                        
000012bf  COMP_E0_IRQHandler             
000012bf  COMP_E1_IRQHandler             
20000008  CPMwait                        
000012bf  CS_IRQHandler                  
20000000  ClockFrequency                 
00000d89  Clock_Delay1ms                 
00000d5f  Clock_Delay1us                 
00000d4b  Clock_GetFreq                  
00000c35  Clock_Init48MHz                
20000014  Crystalstable                  
000012bf  DMA_ERR_IRQHandler             
000012bf  DMA_INT0_IRQHandler            
000012bf  DMA_INT1_IRQHandler            
000012bf  DMA_INT2_IRQHandler            
000012bf  DMA_INT3_IRQHandler            
000012bf  DebugMon_Handler               
000012bf  Default_Handler                
000012bf  EUSCIA0_IRQHandler             
000012bf  EUSCIA1_IRQHandler             
000012bf  EUSCIA2_IRQHandler             
000012bf  EUSCIA3_IRQHandler             
000012bf  EUSCIB0_IRQHandler             
000012bf  EUSCIB1_IRQHandler             
000012bf  EUSCIB2_IRQHandler             
000012bf  EUSCIB3_IRQHandler             
000012bf  FLCTL_IRQHandler               
000012bf  FPU_IRQHandler                 
000012bf  HardFault_Handler              
20000010  IFlags                         
20000040  Input                          
00000e15  LaunchPad_Init                 
00000e85  LaunchPad_Input                
00000e9f  LaunchPad_LED                  
00000ebd  LaunchPad_Output               
000000e5  LogicAnalyzer                  
000000ef  LogicAnalyzer_P1               
000001c5  LogicAnalyzer_P10              
000000fd  LogicAnalyzer_P2               
0000010b  LogicAnalyzer_P2_7654          
0000011b  LogicAnalyzer_P3               
00000129  LogicAnalyzer_P4               
00000147  LogicAnalyzer_P4_765320        
00000137  LogicAnalyzer_P4_765432        
0000017f  LogicAnalyzer_P5               
0000018d  LogicAnalyzer_P6               
0000019b  LogicAnalyzer_P7               
000001a9  LogicAnalyzer_P8               
000001b7  LogicAnalyzer_P9               
20000050  LogicData                      
000012bf  MemManage_Handler              
000012bf  NMI_Handler                    
20000044  Output                         
000012bf  PCM_IRQHandler                 
000012bf  PORT1_IRQHandler               
000012bf  PORT2_IRQHandler               
000012bf  PORT3_IRQHandler               
000012bf  PORT4_IRQHandler               
000012bf  PORT5_IRQHandler               
000012bf  PORT6_IRQHandler               
000012bf  PSS_IRQHandler                 
000012bf  PendSV_Handler                 
20000048  PeriodicTask2                  
00000257  PeriodicTask2_Init             
000002d1  PeriodicTask2_Stop             
00000a51  Port5_Init                     
00000aa1  Port7_Init                     
00000ac3  Port7_InitToInput              
00000ab5  Port7_Output_ChargeCap         
00000a77  Port9_Init                     
2000000c  Postwait                       
20000004  Prewait                        
000012bf  RTC_C_IRQHandler               
00000b19  Reflectance_Center             
00000bd3  Reflectance_End                
00000a41  Reflectance_Init               
00000b39  Reflectance_Position           
00000acb  Reflectance_Read               
00000bad  Reflectance_Start              
000012b3  Reset_Handler                  
UNDEFED   SHT$$INIT_ARRAY$$Base          
UNDEFED   SHT$$INIT_ARRAY$$Limit         
000012bf  SVC_Handler                    
000001d3  Scope                          
2000004c  Spt                            
000012bf  SysTick_Handler                
2000003c  SystemCoreClock                
00000715  SystemCoreClockUpdate          
00000989  SystemInit                     
000002c1  T32_INT1_IRQHandler            
000002c1  T32_INT1_IRQHandler            
000012bf  T32_INT2_IRQHandler            
000012bf  T32_INTC_IRQHandler            
000012bf  TA0_0_IRQHandler               
000012bf  TA0_N_IRQHandler               
000012bf  TA1_0_IRQHandler               
000012bf  TA1_N_IRQHandler               
000012bf  TA2_0_IRQHandler               
000012bf  TA2_N_IRQHandler               
000012bf  TA3_0_IRQHandler               
000012bf  TA3_N_IRQHandler               
00000413  TExaS_Clear0                   
0000041f  TExaS_Clear1                   
0000042b  TExaS_Clear2                   
00000437  TExaS_Clear3                   
00000443  TExaS_Clear4                   
00000445  TExaS_Clear5                   
00000451  TExaS_Clear6                   
00000551  TExaS_Init                     
20000028  TExaS_ScopeErrConflict         
20000024  TExaS_ScopeErrLostData         
2000002c  TExaS_ScopeWrnReconfig         
000003b1  TExaS_Set                      
000003c9  TExaS_Set0                     
000003d5  TExaS_Set1                     
000003e1  TExaS_Set2                     
000003ed  TExaS_Set3                     
000003f9  TExaS_Set4                     
000003fb  TExaS_Set5                     
00000407  TExaS_Set6                     
000006b1  TExaS_Stop                     
00000367  TExaS_Task0                    
00000373  TExaS_Task1                    
0000037f  TExaS_Task2                    
0000038b  TExaS_Task3                    
00000397  TExaS_Task4                    
00000399  TExaS_Task5                    
000003a5  TExaS_Task6                    
0000033b  UART_InChar                    
000002e1  UART_Init                      
0000034b  UART_OutChar                   
000012bf  UsageFault_Handler             
4000480c  WDTCTL_SYM                     
000012bf  WDT_A_IRQHandler               
20010000  __STACK_END                    
00000200  __STACK_SIZE                   
00001430  __TI_CINIT_Base                
00001440  __TI_CINIT_Limit               
00001418  __TI_Handler_Table_Base        
00001424  __TI_Handler_Table_Limit       
000010ad  __TI_auto_init                 
20000018  __TI_cleanup_ptr               
0000111d  __TI_decompress_lzss           
000012a5  __TI_decompress_none           
2000001c  __TI_dtors_ptr                 
20000020  __TI_enable_exit_profile_output
ffffffff  __TI_pprof_out_hndl            
ffffffff  __TI_prof_data_size            
ffffffff  __TI_prof_data_start           
00000000  __TI_static_base__             
000012c1  __TI_zero_init                 
00001031  __aeabi_memclr                 
00001031  __aeabi_memclr4                
00001031  __aeabi_memclr8                
00000f09  __aeabi_memcpy                 
00000f09  __aeabi_memcpy4                
00000f09  __aeabi_memcpy8                
00001033  __aeabi_memset                 
00001033  __aeabi_memset4                
00001033  __aeabi_memset8                
ffffffff  __binit__                      
ffffffff  __c_args__                     
000010ab  __mpu_init                     
2000fe00  __stack                        
00001279  _args_main                     
00001185  _c_int00                       
20000030  _lock                          
0000129f  _nop                           
00001297  _register_lock                 
00001291  _register_unlock               
000012d1  _system_post_cinit             
000012cd  _system_pre_init               
20000034  _unlock                        
000011dd  abort                          
ffffffff  binit                          
0000122d  copy_in                        
00000d51  delay                          
000011e5  exit                           
000012d4  fsm                            
00000000  interruptVectors               
00000fa5  main                           
20000038  main_func_sp                   
00000f09  memcpy                         
00001039  memset                         


GLOBAL SYMBOLS: SORTED BY Symbol Address 

address   name                           
-------   ----                           
00000000  __TI_static_base__             
00000000  interruptVectors               
000000e5  LogicAnalyzer                  
000000ef  LogicAnalyzer_P1               
000000fd  LogicAnalyzer_P2               
0000010b  LogicAnalyzer_P2_7654          
0000011b  LogicAnalyzer_P3               
00000129  LogicAnalyzer_P4               
00000137  LogicAnalyzer_P4_765432        
00000147  LogicAnalyzer_P4_765320        
0000017f  LogicAnalyzer_P5               
0000018d  LogicAnalyzer_P6               
0000019b  LogicAnalyzer_P7               
000001a9  LogicAnalyzer_P8               
000001b7  LogicAnalyzer_P9               
000001c5  LogicAnalyzer_P10              
000001d3  Scope                          
00000200  __STACK_SIZE                   
00000257  PeriodicTask2_Init             
000002c1  T32_INT1_IRQHandler            
000002c1  T32_INT1_IRQHandler            
000002d1  PeriodicTask2_Stop             
000002e1  UART_Init                      
0000033b  UART_InChar                    
0000034b  UART_OutChar                   
00000367  TExaS_Task0                    
00000373  TExaS_Task1                    
0000037f  TExaS_Task2                    
0000038b  TExaS_Task3                    
00000397  TExaS_Task4                    
00000399  TExaS_Task5                    
000003a5  TExaS_Task6                    
000003b1  TExaS_Set                      
000003c9  TExaS_Set0                     
000003d5  TExaS_Set1                     
000003e1  TExaS_Set2                     
000003ed  TExaS_Set3                     
000003f9  TExaS_Set4                     
000003fb  TExaS_Set5                     
00000407  TExaS_Set6                     
00000413  TExaS_Clear0                   
0000041f  TExaS_Clear1                   
0000042b  TExaS_Clear2                   
00000437  TExaS_Clear3                   
00000443  TExaS_Clear4                   
00000445  TExaS_Clear5                   
00000451  TExaS_Clear6                   
00000475  ADC_Init                       
00000551  TExaS_Init                     
000006b1  TExaS_Stop                     
00000715  SystemCoreClockUpdate          
00000989  SystemInit                     
00000a41  Reflectance_Init               
00000a51  Port5_Init                     
00000a77  Port9_Init                     
00000aa1  Port7_Init                     
00000ab5  Port7_Output_ChargeCap         
00000ac3  Port7_InitToInput              
00000acb  Reflectance_Read               
00000b19  Reflectance_Center             
00000b39  Reflectance_Position           
00000bad  Reflectance_Start              
00000bd3  Reflectance_End                
00000c35  Clock_Init48MHz                
00000d4b  Clock_GetFreq                  
00000d51  delay                          
00000d5f  Clock_Delay1us                 
00000d89  Clock_Delay1ms                 
00000e15  LaunchPad_Init                 
00000e85  LaunchPad_Input                
00000e9f  LaunchPad_LED                  
00000ebd  LaunchPad_Output               
00000f09  __aeabi_memcpy                 
00000f09  __aeabi_memcpy4                
00000f09  __aeabi_memcpy8                
00000f09  memcpy                         
00000fa5  main                           
00001031  __aeabi_memclr                 
00001031  __aeabi_memclr4                
00001031  __aeabi_memclr8                
00001033  __aeabi_memset                 
00001033  __aeabi_memset4                
00001033  __aeabi_memset8                
00001039  memset                         
000010ab  __mpu_init                     
000010ad  __TI_auto_init                 
0000111d  __TI_decompress_lzss           
00001185  _c_int00                       
000011d9  C$$EXIT                        
000011dd  abort                          
000011e5  exit                           
0000122d  copy_in                        
00001279  _args_main                     
00001291  _register_unlock               
00001297  _register_lock                 
0000129f  _nop                           
000012a5  __TI_decompress_none           
000012b3  Reset_Handler                  
000012bf  ADC14_IRQHandler               
000012bf  AES256_IRQHandler              
000012bf  BusFault_Handler               
000012bf  COMP_E0_IRQHandler             
000012bf  COMP_E1_IRQHandler             
000012bf  CS_IRQHandler                  
000012bf  DMA_ERR_IRQHandler             
000012bf  DMA_INT0_IRQHandler            
000012bf  DMA_INT1_IRQHandler            
000012bf  DMA_INT2_IRQHandler            
000012bf  DMA_INT3_IRQHandler            
000012bf  DebugMon_Handler               
000012bf  Default_Handler                
000012bf  EUSCIA0_IRQHandler             
000012bf  EUSCIA1_IRQHandler             
000012bf  EUSCIA2_IRQHandler             
000012bf  EUSCIA3_IRQHandler             
000012bf  EUSCIB0_IRQHandler             
000012bf  EUSCIB1_IRQHandler             
000012bf  EUSCIB2_IRQHandler             
000012bf  EUSCIB3_IRQHandler             
000012bf  FLCTL_IRQHandler               
000012bf  FPU_IRQHandler                 
000012bf  HardFault_Handler              
000012bf  MemManage_Handler              
000012bf  NMI_Handler                    
000012bf  PCM_IRQHandler                 
000012bf  PORT1_IRQHandler               
000012bf  PORT2_IRQHandler               
000012bf  PORT3_IRQHandler               
000012bf  PORT4_IRQHandler               
000012bf  PORT5_IRQHandler               
000012bf  PORT6_IRQHandler               
000012bf  PSS_IRQHandler                 
000012bf  PendSV_Handler                 
000012bf  RTC_C_IRQHandler               
000012bf  SVC_Handler                    
000012bf  SysTick_Handler                
000012bf  T32_INT2_IRQHandler            
000012bf  T32_INTC_IRQHandler            
000012bf  TA0_0_IRQHandler               
000012bf  TA0_N_IRQHandler               
000012bf  TA1_0_IRQHandler               
000012bf  TA1_N_IRQHandler               
000012bf  TA2_0_IRQHandler               
000012bf  TA2_N_IRQHandler               
000012bf  TA3_0_IRQHandler               
000012bf  TA3_N_IRQHandler               
000012bf  UsageFault_Handler             
000012bf  WDT_A_IRQHandler               
000012c1  __TI_zero_init                 
000012cd  _system_pre_init               
000012d1  _system_post_cinit             
000012d4  fsm                            
00001418  __TI_Handler_Table_Base        
00001424  __TI_Handler_Table_Limit       
00001430  __TI_CINIT_Base                
00001440  __TI_CINIT_Limit               
20000000  ClockFrequency                 
20000004  Prewait                        
20000008  CPMwait                        
2000000c  Postwait                       
20000010  IFlags                         
20000014  Crystalstable                  
20000018  __TI_cleanup_ptr               
2000001c  __TI_dtors_ptr                 
20000020  __TI_enable_exit_profile_output
20000024  TExaS_ScopeErrLostData         
20000028  TExaS_ScopeErrConflict         
2000002c  TExaS_ScopeWrnReconfig         
20000030  _lock                          
20000034  _unlock                        
20000038  main_func_sp                   
2000003c  SystemCoreClock                
20000040  Input                          
20000044  Output                         
20000048  PeriodicTask2                  
2000004c  Spt                            
20000050  LogicData                      
2000fe00  __stack                        
20010000  __STACK_END                    
4000480c  WDTCTL_SYM                     
ffffffff  __TI_pprof_out_hndl            
ffffffff  __TI_prof_data_size            
ffffffff  __TI_prof_data_start           
ffffffff  __binit__                      
ffffffff  __c_args__                     
ffffffff  binit                          
UNDEFED   SHT$$INIT_ARRAY$$Base          
UNDEFED   SHT$$INIT_ARRAY$$Limit         

[188 symbols]
